Archive member included to satisfy reference by file (symbol)

/usr/lib/gcc/arm-none-eabi/6.3.1/../../../arm-none-eabi/lib/thumb/v7e-m/fpv4-sp/hard/libg.a(lib_a-atexit.o)
                              /usr/lib/gcc/arm-none-eabi/6.3.1/../../../arm-none-eabi/lib/thumb/v7e-m/fpv4-sp/hard/crt0.o (atexit)
/usr/lib/gcc/arm-none-eabi/6.3.1/../../../arm-none-eabi/lib/thumb/v7e-m/fpv4-sp/hard/libg.a(lib_a-ctype_.o)
                              build/parser.o (__ctype_ptr__)
/usr/lib/gcc/arm-none-eabi/6.3.1/../../../arm-none-eabi/lib/thumb/v7e-m/fpv4-sp/hard/libg.a(lib_a-errno.o)
                              build/syscall.o (__errno)
/usr/lib/gcc/arm-none-eabi/6.3.1/../../../arm-none-eabi/lib/thumb/v7e-m/fpv4-sp/hard/libg.a(lib_a-exit.o)
                              /usr/lib/gcc/arm-none-eabi/6.3.1/../../../arm-none-eabi/lib/thumb/v7e-m/fpv4-sp/hard/crt0.o (exit)
/usr/lib/gcc/arm-none-eabi/6.3.1/../../../arm-none-eabi/lib/thumb/v7e-m/fpv4-sp/hard/libg.a(lib_a-fini.o)
                              /usr/lib/gcc/arm-none-eabi/6.3.1/../../../arm-none-eabi/lib/thumb/v7e-m/fpv4-sp/hard/crt0.o (__libc_fini_array)
/usr/lib/gcc/arm-none-eabi/6.3.1/../../../arm-none-eabi/lib/thumb/v7e-m/fpv4-sp/hard/libg.a(lib_a-impure.o)
                              /usr/lib/gcc/arm-none-eabi/6.3.1/../../../arm-none-eabi/lib/thumb/v7e-m/fpv4-sp/hard/libg.a(lib_a-exit.o) (_global_impure_ptr)
/usr/lib/gcc/arm-none-eabi/6.3.1/../../../arm-none-eabi/lib/thumb/v7e-m/fpv4-sp/hard/libg.a(lib_a-init.o)
                              /usr/lib/gcc/arm-none-eabi/6.3.1/../../../arm-none-eabi/lib/thumb/v7e-m/fpv4-sp/hard/crt0.o (__libc_init_array)
/usr/lib/gcc/arm-none-eabi/6.3.1/../../../arm-none-eabi/lib/thumb/v7e-m/fpv4-sp/hard/libg.a(lib_a-memset.o)
                              /usr/lib/gcc/arm-none-eabi/6.3.1/../../../arm-none-eabi/lib/thumb/v7e-m/fpv4-sp/hard/crt0.o (memset)
/usr/lib/gcc/arm-none-eabi/6.3.1/../../../arm-none-eabi/lib/thumb/v7e-m/fpv4-sp/hard/libg.a(lib_a-printf.o)
                              build/main.o (printf)
/usr/lib/gcc/arm-none-eabi/6.3.1/../../../arm-none-eabi/lib/thumb/v7e-m/fpv4-sp/hard/libg.a(lib_a-putchar.o)
                              build/parser.o (putchar)
/usr/lib/gcc/arm-none-eabi/6.3.1/../../../arm-none-eabi/lib/thumb/v7e-m/fpv4-sp/hard/libg.a(lib_a-puts.o)
                              build/main.o (puts)
/usr/lib/gcc/arm-none-eabi/6.3.1/../../../arm-none-eabi/lib/thumb/v7e-m/fpv4-sp/hard/libg.a(lib_a-setvbuf.o)
                              build/terminal.o (setvbuf)
/usr/lib/gcc/arm-none-eabi/6.3.1/../../../arm-none-eabi/lib/thumb/v7e-m/fpv4-sp/hard/libg.a(lib_a-strcasecmp.o)
                              build/parser.o (strcasecmp)
/usr/lib/gcc/arm-none-eabi/6.3.1/../../../arm-none-eabi/lib/thumb/v7e-m/fpv4-sp/hard/libg.a(lib_a-strcpy.o)
                              build/parser.o (strcpy)
/usr/lib/gcc/arm-none-eabi/6.3.1/../../../arm-none-eabi/lib/thumb/v7e-m/fpv4-sp/hard/libg.a(lib_a-strlen.o)
                              build/parser.o (strlen)
/usr/lib/gcc/arm-none-eabi/6.3.1/../../../arm-none-eabi/lib/thumb/v7e-m/fpv4-sp/hard/libg.a(lib_a-strtok.o)
                              build/parser.o (strtok)
/usr/lib/gcc/arm-none-eabi/6.3.1/../../../arm-none-eabi/lib/thumb/v7e-m/fpv4-sp/hard/libg.a(lib_a-strtok_r.o)
                              /usr/lib/gcc/arm-none-eabi/6.3.1/../../../arm-none-eabi/lib/thumb/v7e-m/fpv4-sp/hard/libg.a(lib_a-strtok.o) (__strtok_r)
/usr/lib/gcc/arm-none-eabi/6.3.1/../../../arm-none-eabi/lib/thumb/v7e-m/fpv4-sp/hard/libg.a(lib_a-strtol.o)
                              build/parser.o (strtol)
/usr/lib/gcc/arm-none-eabi/6.3.1/../../../arm-none-eabi/lib/thumb/v7e-m/fpv4-sp/hard/libg.a(lib_a-strtoul.o)
                              build/parser.o (strtoul)
/usr/lib/gcc/arm-none-eabi/6.3.1/../../../arm-none-eabi/lib/thumb/v7e-m/fpv4-sp/hard/libg.a(lib_a-vfprintf.o)
                              /usr/lib/gcc/arm-none-eabi/6.3.1/../../../arm-none-eabi/lib/thumb/v7e-m/fpv4-sp/hard/libg.a(lib_a-printf.o) (_vfprintf_r)
/usr/lib/gcc/arm-none-eabi/6.3.1/../../../arm-none-eabi/lib/thumb/v7e-m/fpv4-sp/hard/libg.a(lib_a-wsetup.o)
                              /usr/lib/gcc/arm-none-eabi/6.3.1/../../../arm-none-eabi/lib/thumb/v7e-m/fpv4-sp/hard/libg.a(lib_a-vfprintf.o) (__swsetup_r)
/usr/lib/gcc/arm-none-eabi/6.3.1/../../../arm-none-eabi/lib/thumb/v7e-m/fpv4-sp/hard/libg.a(lib_a-__atexit.o)
                              /usr/lib/gcc/arm-none-eabi/6.3.1/../../../arm-none-eabi/lib/thumb/v7e-m/fpv4-sp/hard/libg.a(lib_a-atexit.o) (__register_exitproc)
/usr/lib/gcc/arm-none-eabi/6.3.1/../../../arm-none-eabi/lib/thumb/v7e-m/fpv4-sp/hard/libg.a(lib_a-__call_atexit.o)
                              /usr/lib/gcc/arm-none-eabi/6.3.1/../../../arm-none-eabi/lib/thumb/v7e-m/fpv4-sp/hard/libg.a(lib_a-exit.o) (__call_exitprocs)
/usr/lib/gcc/arm-none-eabi/6.3.1/../../../arm-none-eabi/lib/thumb/v7e-m/fpv4-sp/hard/libg.a(lib_a-dtoa.o)
[...]
Memory Configuration

Name             Origin             Length             Attributes
FLASH            0x0000000008000000 0x0000000000040000 xr
RAM              0x0000000020000000 0x000000000000a000 xrw
CCMRAM           0x0000000010000000 0x0000000000002000 rw
*default*        0x0000000000000000 0xffffffffffffffff

Linker script and memory map

LOAD /usr/lib/gcc/arm-none-eabi/6.3.1/thumb/v7e-m/fpv4-sp/hard/crti.o
LOAD /usr/lib/gcc/arm-none-eabi/6.3.1/thumb/v7e-m/fpv4-sp/hard/crtbegin.o
LOAD /usr/lib/gcc/arm-none-eabi/6.3.1/../../../arm-none-eabi/lib/thumb/v7e-m/fpv4-sp/hard/crt0.o
LOAD build/main.o
LOAD build/mycode.o
LOAD build/mytest.o
LOAD build/lz_ka_hook.o
LOAD build/lz_ka_asm.o
LOAD build/watchdog.o
LOAD build/monitor.o
LOAD build/parser.o
LOAD build/dump.o
LOAD build/syscall.o
LOAD build/terminal.o
LOAD build/decoder/decoder.o
LOAD build/decoder/STM32F30x_decoder.o
LOAD build/Drivers/CMSIS/Device/ST/STM32F3xx/Source/Templates/system_stm32f3xx.o
LOAD build/Drivers/STM32F3xx_HAL_Driver/Src/stm32f3xx_hal_rcc.o
LOAD build/Drivers/STM32F3xx_HAL_Driver/Src/stm32f3xx_hal.o
LOAD build/Drivers/STM32F3xx_HAL_Driver/Src/stm32f3xx_hal_cortex.o
LOAD build/Drivers/STM32F3xx_HAL_Driver/Src/stm32f3xx_hal_uart.o
LOAD build/Drivers/STM32F3xx_HAL_Driver/Src/stm32f3xx_hal_gpio.o
LOAD build/Drivers/STM32F3xx_HAL_Driver/Src/stm32f3xx_hal_pcd.o
LOAD build/Drivers/STM32F3xx_HAL_Driver/Src/stm32f3xx_hal_pcd_ex.o
LOAD build/Drivers/STM32F3xx_HAL_Driver/Src/stm32f3xx_hal_i2c.o
LOAD build/Drivers/STM32F3xx_HAL_Driver/Src/stm32f3xx_hal_spi.o
LOAD build/Drivers/STM32F3xx_HAL_Driver/Src/stm32f3xx_hal_iwdg.o
LOAD build/Drivers/STM32_USB_Device_Library/Core/Src/usbd_core.o
LOAD build/Drivers/STM32_USB_Device_Library/Core/Src/usbd_ctlreq.o
LOAD build/Drivers/STM32_USB_Device_Library/Core/Src/usbd_ioreq.o
LOAD build/Drivers/STM32_USB_Device_Library/Class/CDC/Src/usbd_cdc.o
LOAD build/usbd_conf.o
LOAD build/usbd_desc.o
LOAD build/usbd_cdc_interface.o
LOAD build/Drivers/BSP/STM32F3-Discovery/stm32f3_discovery.o
LOAD build/Drivers/BSP/STM32F3-Discovery/stm32f3_discovery_accelerometer.o
LOAD build/Drivers/BSP/STM32F3-Discovery/stm32f3_discovery_gyroscope.o
LOAD build/Drivers/BSP/Components/lsm303dlhc/lsm303dlhc.o
LOAD build/Drivers/BSP/Components/l3gd20/l3gd20.o
LOAD build/Drivers/CMSIS/Device/ST/STM32F3xx/Source/Templates/gcc/startup_stm32f303xc.o
START GROUP
LOAD /usr/lib/gcc/arm-none-eabi/6.3.1/thumb/v7e-m/fpv4-sp/hard/libgcc.a
LOAD /usr/lib/gcc/arm-none-eabi/6.3.1/../../../arm-none-eabi/lib/thumb/v7e-m/fpv4-sp/hard/libg.a
LOAD /usr/lib/gcc/arm-none-eabi/6.3.1/../../../arm-none-eabi/lib/thumb/v7e-m/fpv4-sp/hard/libc.a
END GROUP
LOAD /usr/lib/gcc/arm-none-eabi/6.3.1/thumb/v7e-m/fpv4-sp/hard/crtend.o
LOAD /usr/lib/gcc/arm-none-eabi/6.3.1/thumb/v7e-m/fpv4-sp/hard/crtn.o
                0x0000000020008000                _estack = 0x20008000
                0x0000000000001000                _Min_Heap_Size = 0x1000
                0x0000000000000400                _Min_Stack_Size = 0x400

.isr_vector     0x0000000008000000      0x188
                0x0000000008000000                . = ALIGN (0x4)
 *(.isr_vector)
 .isr_vector    0x0000000008000000      0x188 build/Drivers/CMSIS/Device/ST/STM32F3xx/Source/Templates/gcc/startup_stm32f303xc.o
                0x0000000008000000                g_pfnVectors
                0x0000000008000188                . = ALIGN (0x4)

.text           0x00000000080001c0     0xba64
                0x00000000080001c0                . = ALIGN (0x4)
 *(.text)
 .text          0x00000000080001c0       0xa4 /usr/lib/gcc/arm-none-eabi/6.3.1/thumb/v7e-m/fpv4-sp/hard/crtbegin.o
 .text          0x0000000008000264       0x34 build/mycode.o
                0x0000000008000264                mytest
                0x0000000008000278                my_Tick
                0x000000000800028c                my_Loop
                0x0000000008000290                my_Init
 .text          0x0000000008000298      0x11c build/lz_ka_asm.o
                0x0000000008000298                lzTilt
                0x0000000008000382                lose
 .text          0x00000000080003b4        0xc /usr/lib/gcc/arm-none-eabi/6.3.1/../../../arm-none-eabi/lib/thumb/v7e-m/fpv4-sp/hard/libg.a(lib_a-atexit.o)
                0x00000000080003b4                atexit
 .text          0x00000000080003c0        0xc /usr/lib/gcc/arm-none-eabi/6.3.1/../../../arm-none-eabi/lib/thumb/v7e-m/fpv4-sp/hard/libg.a(lib_a-errno.o)
                0x00000000080003c0                __errno
 .text          0x00000000080003cc       0x34 /usr/lib/gcc/arm-none-eabi/6.3.1/../../../arm-none-eabi/lib/thumb/v7e-m/fpv4-sp/hard/libg.a(lib_a-fini.o)
                0x00000000080003cc                __libc_fini_array
 .text          0x0000000008000400       0x50 /usr/lib/gcc/arm-none-eabi/6.3.1/../../../arm-none-eabi/lib/thumb/v7e-m/fpv4-sp/hard/libg.a(lib_a-init.o)
                0x0000000008000400                __libc_init_array
 .text          0x0000000008000450       0x9c /usr/lib/gcc/arm-none-eabi/6.3.1/../../../arm-none-eabi/lib/thumb/v7e-m/fpv4-sp/hard/libg.a(lib_a-memset.o)
                0x0000000008000450                memset
 .text          0x00000000080004ec       0x48 /usr/lib/gcc/arm-none-eabi/6.3.1/../../../arm-none-eabi/lib/thumb/v7e-m/fpv4-sp/hard/libg.a(lib_a-printf.o)
                0x00000000080004ec                _printf_r
                0x000000000800050c                printf
 .text          0x0000000008000534       0x1c /usr/lib/gcc/arm-none-eabi/6.3.1/../../../arm-none-eabi/lib/thumb/v7e-m/fpv4-sp/hard/libg.a(lib_a-putchar.o)
                0x0000000008000534                _putchar_r
                0x000000000800053c                putchar
 .text          0x0000000008000550       0x78 /usr/lib/gcc/arm-none-eabi/6.3.1/../../../arm-none-eabi/lib/thumb/v7e-m/fpv4-sp/hard/libg.a(lib_a-puts.o)
                0x0000000008000550                _puts_r
                0x00000000080005b8                puts
 .text          0x00000000080005c8      0x14c /usr/lib/gcc/arm-none-eabi/6.3.1/../../../arm-none-eabi/lib/thumb/v7e-m/fpv4-sp/hard/libg.a(lib_a-setvbuf.o)
                0x00000000080005c8                setvbuf
 .text          0x0000000008000714       0x4c /usr/lib/gcc/arm-none-eabi/6.3.1/../../../arm-none-eabi/lib/thumb/v7e-m/fpv4-sp/hard/libg.a(lib_a-strcasecmp.o)
                0x0000000008000714                strcasecmp
 .text          0x0000000008000760       0xbc /usr/lib/gcc/arm-none-eabi/6.3.1/../../../arm-none-eabi/lib/thumb/v7e-m/fpv4-sp/hard/libg.a(lib_a-strcpy.o)
                0x0000000008000760                strcpy
 *fill*         0x000000000800081c       0x24 
 .text          0x0000000008000840       0xdc /usr/lib/gcc/arm-none-eabi/6.3.1/../../../arm-none-eabi/lib/thumb/v7e-m/fpv4-sp/hard/libg.a(lib_a-strlen.o)
                0x0000000008000840                strlen
 .text          0x000000000800091c       0x10 /usr/lib/gcc/arm-none-eabi/6.3.1/../../../arm-none-eabi/lib/thumb/v7e-m/fpv4-sp/hard/libg.a(lib_a-strtok.o)
                0x000000000800091c                strtok
 .text          0x000000000800092c       0x6c /usr/lib/gcc/arm-none-eabi/6.3.1/../../../arm-none-eabi/lib/thumb/v7e-m/fpv4-sp/hard/libg.a(lib_a-strtok_r.o)
                0x000000000800092c                __strtok_r
                0x0000000008000990                strtok_r
 .text          0x0000000008000998      0x14c /usr/lib/gcc/arm-none-eabi/6.3.1/../../../arm-none-eabi/lib/thumb/v7e-m/fpv4-sp/hard/libg.a(lib_a-strtoul.o)
                0x0000000008000998                _strtoul_r
                0x0000000008000acc                strtoul
 *fill*         0x0000000008000ae4        0x4 
 .text          0x0000000008000ae8     0x1568 /usr/lib/gcc/arm-none-eabi/6.3.1/../../../arm-none-eabi/lib/thumb/v7e-m/fpv4-sp/hard/libg.a(lib_a-vfprintf.o)
                0x0000000008000ae8                _vfprintf_r
                0x0000000008001fcc                vfprintf
 .text          0x0000000008002050       0xc8 /usr/lib/gcc/arm-none-eabi/6.3.1/../../../arm-none-eabi/lib/thumb/v7e-m/fpv4-sp/hard/libg.a(lib_a-wsetup.o)
                0x0000000008002050                __swsetup_r
 .text          0x0000000008002118       0xa4 /usr/lib/gcc/arm-none-eabi/6.3.1/../../../arm-none-eabi/lib/thumb/v7e-m/fpv4-sp/hard/libg.a(lib_a-__atexit.o)
                0x0000000008002118                __register_exitproc
 *fill*         0x00000000080021bc        0x4 
 .text          0x00000000080021c0      0xf74 /usr/lib/gcc/arm-none-eabi/6.3.1/../../../arm-none-eabi/lib/thumb/v7e-m/fpv4-sp/hard/libg.a(lib_a-dtoa.o)
                0x00000000080022e8                _dtoa_r
 .text          0x0000000008003134      0x190 /usr/lib/gcc/arm-none-eabi/6.3.1/../../../arm-none-eabi/lib/thumb/v7e-m/fpv4-sp/hard/libg.a(lib_a-fflush.o)
                0x0000000008003134                __sflush_r
                0x0000000008003274                _fflush_r
                0x00000000080032a0                fflush
 .text          0x00000000080032c4      0x214 /usr/lib/gcc/arm-none-eabi/6.3.1/../../../arm-none-eabi/lib/thumb/v7e-m/fpv4-sp/hard/libg.a(lib_a-findfp.o)
                0x00000000080032c8                _cleanup_r
                0x00000000080033c8                __sfmoreglue
                0x00000000080033f8                __sfp
                0x0000000008003484                _cleanup
                0x0000000008003498                __sinit
                0x00000000080034a0                __sfp_lock_acquire
                0x00000000080034a4                __sfp_lock_release
                0x00000000080034a8                __sinit_lock_acquire
                0x00000000080034ac                __sinit_lock_release
                0x00000000080034b0                __fp_lock_all
                0x00000000080034c4                __fp_unlock_all
 .text          0x00000000080034d8      0x26c /usr/lib/gcc/arm-none-eabi/6.3.1/../../../arm-none-eabi/lib/thumb/v7e-m/fpv4-sp/hard/libg.a(lib_a-freer.o)
                0x00000000080034d8                _malloc_trim_r
                0x0000000008003578                _free_r
 .text          0x0000000008003744      0x2f0 /usr/lib/gcc/arm-none-eabi/6.3.1/../../../arm-none-eabi/lib/thumb/v7e-m/fpv4-sp/hard/libg.a(lib_a-fvwrite.o)
                0x0000000008003744                __sfvwrite_r
 .text          0x0000000008003a34       0xa0 /usr/lib/gcc/arm-none-eabi/6.3.1/../../../arm-none-eabi/lib/thumb/v7e-m/fpv4-sp/hard/libg.a(lib_a-fwalk.o)
                0x0000000008003a34                _fwalk
                0x0000000008003a80                _fwalk_reent
 .text          0x0000000008003ad4       0x80 /usr/lib/gcc/arm-none-eabi/6.3.1/../../../arm-none-eabi/lib/thumb/v7e-m/fpv4-sp/hard/libg.a(lib_a-locale.o)
                0x0000000008003ad4                _setlocale_r
                0x0000000008003b14                __locale_charset
                0x0000000008003b1c                __locale_mb_cur_max
                0x0000000008003b28                __locale_msgcharset
                0x0000000008003b30                __locale_cjk_lang
                0x0000000008003b34                _localeconv_r
                0x0000000008003b3c                setlocale
                0x0000000008003b4c                localeconv
 .text          0x0000000008003b54       0xe4 /usr/lib/gcc/arm-none-eabi/6.3.1/../../../arm-none-eabi/lib/thumb/v7e-m/fpv4-sp/hard/libg.a(lib_a-makebuf.o)
                0x0000000008003b54                __swhatbuf_r
                0x0000000008003bb0                __smakebuf_r
 .text          0x0000000008003c38       0x20 /usr/lib/gcc/arm-none-eabi/6.3.1/../../../arm-none-eabi/lib/thumb/v7e-m/fpv4-sp/hard/libg.a(lib_a-malloc.o)
                0x0000000008003c38                malloc
                0x0000000008003c48                free
 .text          0x0000000008003c58      0x554 /usr/lib/gcc/arm-none-eabi/6.3.1/../../../arm-none-eabi/lib/thumb/v7e-m/fpv4-sp/hard/libg.a(lib_a-mallocr.o)
                0x0000000008003c58                _malloc_r
 *fill*         0x00000000080041ac        0x4 
 .text          0x00000000080041b0       0xa0 /usr/lib/gcc/arm-none-eabi/6.3.1/../../../arm-none-eabi/lib/thumb/v7e-m/fpv4-sp/hard/libg.a(lib_a-memchr.o)
                0x00000000080041b0                memchr
 .text          0x0000000008004250      0x134 /usr/lib/gcc/arm-none-eabi/6.3.1/../../../arm-none-eabi/lib/thumb/v7e-m/fpv4-sp/hard/libg.a(lib_a-memcpy.o)
                0x0000000008004250                memcpy
 .text          0x0000000008004384       0xc8 /usr/lib/gcc/arm-none-eabi/6.3.1/../../../arm-none-eabi/lib/thumb/v7e-m/fpv4-sp/hard/libg.a(lib_a-memmove.o)
                0x0000000008004384                memmove
 .text          0x000000000800444c        0x8 /usr/lib/gcc/arm-none-eabi/6.3.1/../../../arm-none-eabi/lib/thumb/v7e-m/fpv4-sp/hard/libg.a(lib_a-mlock.o)
                0x000000000800444c                __malloc_lock
                0x0000000008004450                __malloc_unlock
 .text          0x0000000008004454      0x8f4 /usr/lib/gcc/arm-none-eabi/6.3.1/../../../arm-none-eabi/lib/thumb/v7e-m/fpv4-sp/hard/libg.a(lib_a-mprec.o)
                0x0000000008004454                _Balloc
                0x00000000080044a0                _Bfree
                0x00000000080044b4                __multadd
                0x0000000008004534                __s2b
                0x00000000080045d0                __hi0bits
                0x0000000008004610                __lo0bits
                0x0000000008004670                __i2b
                0x0000000008004684                __multiply
                0x00000000080047a8                __pow5mult
                0x0000000008004848                __lshift
                0x00000000080048ec                __mcmp
                0x0000000008004924                __mdiff
                0x0000000008004a2c                __ulp
                0x0000000008004a80                __b2d
                0x0000000008004b44                __d2b
                0x0000000008004c00                __ratio
                0x0000000008004c60                _mprec_log10
                0x0000000008004ca0                __copybits
                0x0000000008004ce8                __any_on
 .text          0x0000000008004d48       0x90 /usr/lib/gcc/arm-none-eabi/6.3.1/../../../arm-none-eabi/lib/thumb/v7e-m/fpv4-sp/hard/libg.a(lib_a-putc.o)
                0x0000000008004d48                _putc_r
                0x0000000008004d8c                putc
 .text          0x0000000008004dd8      0x34c /usr/lib/gcc/arm-none-eabi/6.3.1/../../../arm-none-eabi/lib/thumb/v7e-m/fpv4-sp/hard/libg.a(lib_a-reallocr.o)
                0x0000000008004dd8                _realloc_r
 .text          0x0000000008005124       0x8c /usr/lib/gcc/arm-none-eabi/6.3.1/../../../arm-none-eabi/lib/thumb/v7e-m/fpv4-sp/hard/libg.a(lib_a-stdio.o)
                0x0000000008005124                __sread
                0x0000000008005148                __seofread
                0x000000000800514c                __swrite
                0x0000000008005188                __sseek
                0x00000000080051a8                __sclose
 *fill*         0x00000000080051b0       0x10 
 .text          0x00000000080051c0      0x2dc /usr/lib/gcc/arm-none-eabi/6.3.1/../../../arm-none-eabi/lib/thumb/v7e-m/fpv4-sp/hard/libg.a(lib_a-strcmp.o)
                0x00000000080051c8                strcmp
 .text          0x000000000800549c      0xd18 /usr/lib/gcc/arm-none-eabi/6.3.1/../../../arm-none-eabi/lib/thumb/v7e-m/fpv4-sp/hard/libg.a(lib_a-vfiprintf.o)
                0x000000000800551c                __sprint_r
                0x0000000008005530                _vfiprintf_r
                0x0000000008006130                vfiprintf
 .text          0x00000000080061b4       0xc0 /usr/lib/gcc/arm-none-eabi/6.3.1/../../../arm-none-eabi/lib/thumb/v7e-m/fpv4-sp/hard/libg.a(lib_a-wbuf.o)
                0x00000000080061b4                __swbuf_r
                0x0000000008006264                __swbuf
 .text          0x0000000008006274       0x60 /usr/lib/gcc/arm-none-eabi/6.3.1/../../../arm-none-eabi/lib/thumb/v7e-m/fpv4-sp/hard/libg.a(lib_a-callocr.o)
                0x0000000008006274                _calloc_r
 .text          0x00000000080062d4       0x90 /usr/lib/gcc/arm-none-eabi/6.3.1/../../../arm-none-eabi/lib/thumb/v7e-m/fpv4-sp/hard/libg.a(lib_a-fclose.o)
                0x00000000080062d4                _fclose_r
                0x0000000008006354                fclose
 .text          0x0000000008006364      0x108 /usr/lib/gcc/arm-none-eabi/6.3.1/../../../arm-none-eabi/lib/thumb/v7e-m/fpv4-sp/hard/libg.a(lib_a-fputwc.o)
                0x0000000008006364                __fputwc
                0x0000000008006404                _fputwc_r
                0x000000000800642c                fputwc
 .text          0x000000000800646c       0xac /usr/lib/gcc/arm-none-eabi/6.3.1/../../../arm-none-eabi/lib/thumb/v7e-m/fpv4-sp/hard/libg.a(lib_a-wcrtomb.o)
                0x000000000800646c                _wcrtomb_r
                0x00000000080064c0                wcrtomb
 .text          0x0000000008006518       0x4c /usr/lib/gcc/arm-none-eabi/6.3.1/../../../arm-none-eabi/lib/thumb/v7e-m/fpv4-sp/hard/libg.a(lib_a-wctomb_r.o)
                0x0000000008006518                __ascii_wctomb
                0x0000000008006534                _wctomb_r
 .text          0x0000000008006564      0x370 /usr/lib/gcc/arm-none-eabi/6.3.1/thumb/v7e-m/fpv4-sp/hard/libgcc.a(_arm_addsubdf3.o)
                0x0000000008006564                __aeabi_drsub
                0x000000000800656c                __aeabi_dsub
                0x000000000800656c                __subdf3
                0x0000000008006570                __adddf3
                0x0000000008006570                __aeabi_dadd
                0x00000000080067e8                __aeabi_ui2d
                0x00000000080067e8                __floatunsidf
                0x0000000008006808                __floatsidf
                0x0000000008006808                __aeabi_i2d
                0x000000000800682c                __extendsfdf2
                0x000000000800682c                __aeabi_f2d
                0x0000000008006868                __aeabi_ul2d
                0x0000000008006868                __floatundidf
                0x0000000008006878                __floatdidf
                0x0000000008006878                __aeabi_l2d
 .text          0x00000000080068d4      0x424 /usr/lib/gcc/arm-none-eabi/6.3.1/thumb/v7e-m/fpv4-sp/hard/libgcc.a(_arm_muldivdf3.o)
                0x00000000080068d4                __aeabi_dmul
                0x00000000080068d4                __muldf3
                0x0000000008006b28                __aeabi_ddiv
                0x0000000008006b28                __divdf3
 .text          0x0000000008006cf8      0x110 /usr/lib/gcc/arm-none-eabi/6.3.1/thumb/v7e-m/fpv4-sp/hard/libgcc.a(_arm_cmpdf2.o)
                0x0000000008006cf8                __gtdf2
                0x0000000008006cf8                __gedf2
                0x0000000008006d00                __ltdf2
                0x0000000008006d00                __ledf2
                0x0000000008006d08                __cmpdf2
                0x0000000008006d08                __eqdf2
                0x0000000008006d08                __nedf2
                0x0000000008006d84                __aeabi_cdrcmple
                0x0000000008006d94                __aeabi_cdcmple
                0x0000000008006d94                __aeabi_cdcmpeq
                0x0000000008006da4                __aeabi_dcmpeq
                0x0000000008006db8                __aeabi_dcmplt
                0x0000000008006dcc                __aeabi_dcmple
                0x0000000008006de0                __aeabi_dcmpge
                0x0000000008006df4                __aeabi_dcmpgt
 .text          0x0000000008006e08       0x2c /usr/lib/gcc/arm-none-eabi/6.3.1/thumb/v7e-m/fpv4-sp/hard/libgcc.a(_arm_unorddf2.o)
                0x0000000008006e08                __aeabi_dcmpun
                0x0000000008006e08                __unorddf2
 .text          0x0000000008006e34       0x50 /usr/lib/gcc/arm-none-eabi/6.3.1/thumb/v7e-m/fpv4-sp/hard/libgcc.a(_arm_fixdfsi.o)
                0x0000000008006e34                __fixdfsi
                0x0000000008006e34                __aeabi_d2iz
 .text          0x0000000008006e84       0x30 /usr/lib/gcc/arm-none-eabi/6.3.1/thumb/v7e-m/fpv4-sp/hard/libgcc.a(_aeabi_uldivmod.o)
                0x0000000008006e84                __aeabi_uldivmod
 .text          0x0000000008006eb4      0x2dc /usr/lib/gcc/arm-none-eabi/6.3.1/thumb/v7e-m/fpv4-sp/hard/libgcc.a(_udivmoddi4.o)
                0x0000000008006eb4                __udivmoddi4
 .text          0x0000000008007190        0x4 /usr/lib/gcc/arm-none-eabi/6.3.1/thumb/v7e-m/fpv4-sp/hard/libgcc.a(_dvmd_tls.o)
                0x0000000008007190                __aeabi_ldiv0
                0x0000000008007190                __aeabi_idiv0
 *(.text*)
 .text.CmdLED   0x0000000008007194       0x5c build/main.o
                0x0000000008007194                CmdLED
 .text.CmdAccel
                0x00000000080071f0       0x28 build/main.o
                0x00000000080071f0                CmdAccel
 .text.CmdGyro  0x0000000008007218       0x4c build/main.o
                0x0000000008007218                CmdGyro
 .text.CmdButton
                0x0000000008007264       0x2c build/main.o
                0x0000000008007264                CmdButton
 .text.Error_Handler
                0x0000000008007290        0xa build/main.o
                0x0000000008007290                Error_Handler
 *fill*         0x000000000800729a        0x2 
 .text.startup.main
                0x000000000800729c       0x98 build/main.o
                0x000000000800729c                main
 .text.SysTick_Handler
                0x0000000008007334       0x18 build/main.o
                0x0000000008007334                SysTick_Handler
 .text.EXTI0_IRQHandler
                0x000000000800734c        0x6 build/main.o
                0x000000000800734c                EXTI0_IRQHandler
 *fill*         0x0000000008007352        0x2 
 .text.CmdTest  0x0000000008007354       0x30 build/mytest.o
                0x0000000008007354                CmdTest
 .text.a3       0x0000000008007384       0x64 build/lz_ka_hook.o
                0x0000000008007384                a3
 .text.CmdW     0x00000000080073e8       0x1c build/monitor.o
                0x00000000080073e8                CmdW
 .text.CmdR     0x0000000008007404       0x20 build/monitor.o
                0x0000000008007404                CmdR
 .text.parse    0x0000000008007424      0x108 build/parser.o
                0x0000000008007424                parse
 .text.TaskInput
                0x000000000800752c      0x12c build/parser.o
                0x000000000800752c                TaskInput
 .text.fetch_uint32_arg
                0x0000000008007658       0x28 build/parser.o
                0x0000000008007658                fetch_uint32_arg
 .text.fetch_string_arg
                0x0000000008007680       0x20 build/parser.o
                0x0000000008007680                fetch_string_arg
 .text.DumpBuffer
                0x00000000080076a0       0xb8 build/dump.o
                0x00000000080076a0                DumpBuffer
 .text.CmdDump  0x0000000008007758       0x54 build/dump.o
                0x0000000008007758                CmdDump
 .text._sbrk_r  0x00000000080077ac       0x30 build/syscall.o
                0x00000000080077ac                _sbrk_r
 .text._close_r
                0x00000000080077dc        0x6 build/syscall.o
                0x00000000080077dc                _close_r
 .text._fstat_r
                0x00000000080077e2        0xa build/syscall.o
                0x00000000080077e2                _fstat_r
 .text._isatty_r
                0x00000000080077ec        0x4 build/syscall.o
                0x00000000080077ec                _isatty_r
 .text._lseek_r
                0x00000000080077f0        0x4 build/syscall.o
                0x00000000080077f0                _lseek_r
 .text.USBD_CDC_DataIn
                0x00000000080077f4       0x7c build/terminal.o
 .text.CmdStats
                0x0000000008007870       0x48 build/terminal.o
                0x0000000008007870                CmdStats
 .text.TerminalInit
                0x00000000080078b8       0x7c build/terminal.o
                0x00000000080078b8                TerminalInit
 .text.TerminalRead
                0x0000000008007934       0x4c build/terminal.o
                0x0000000008007934                TerminalRead
 .text._read_r  0x0000000008007980        0xa build/terminal.o
                0x0000000008007980                _read_r
 .text.TerminalReadNonBlock
                0x000000000800798a       0x10 build/terminal.o
                0x000000000800798a                TerminalReadNonBlock
 .text.TerminalReadAnyNonBlock
                0x000000000800799a       0x12 build/terminal.o
                0x000000000800799a                TerminalReadAnyNonBlock
 .text.TerminalOutputBufferWrite
                0x00000000080079ac       0xe8 build/terminal.o
                0x00000000080079ac                TerminalOutputBufferWrite
 .text._write_r
                0x0000000008007a94       0x40 build/terminal.o
                0x0000000008007a94                _write_r
 .text.TerminalInputBufferWrite
                0x0000000008007ad4       0x64 build/terminal.o
                0x0000000008007ad4                TerminalInputBufferWrite
 .text.USB_LP_CAN_RX0_IRQHandler
                0x0000000008007b38        0xc build/terminal.o
                0x0000000008007b38                USB_LP_CAN_RX0_IRQHandler
 .text.Uncompress
                0x0000000008007b44       0x78 build/decoder/decoder.o
 .text.DecodeReadRegister
                0x0000000008007bbc       0x50 build/decoder/decoder.o
                0x0000000008007bbc                DecodeReadRegister
 .text.DecodeWriteRegister
                0x0000000008007c0c       0x54 build/decoder/decoder.o
                0x0000000008007c0c                DecodeWriteRegister
 .text.DecodeField
                0x0000000008007c60       0x4c build/decoder/decoder.o
                0x0000000008007c60                DecodeField
 .text.DecodeRegister
                0x0000000008007cac       0x5c build/decoder/decoder.o
                0x0000000008007cac                DecodeRegister
 .text.DecodePeripheral
                0x0000000008007d08       0x4c build/decoder/decoder.o
                0x0000000008007d08                DecodePeripheral
 .text.DecodePrintPeripherals
                0x0000000008007d54       0x54 build/decoder/decoder.o
                0x0000000008007d54                DecodePrintPeripherals
 .text.DecodePrintRegisters
                0x0000000008007da8       0x64 build/decoder/decoder.o
                0x0000000008007da8                DecodePrintRegisters
 .text.CmdDecode
                0x0000000008007e0c      0x26c build/decoder/decoder.o
                0x0000000008007e0c                CmdDecode
 .text.SystemInit
                0x0000000008008078       0x68 build/Drivers/CMSIS/Device/ST/STM32F3xx/Source/Templates/system_stm32f3xx.o
                0x0000000008008078                SystemInit
 .text.HAL_RCC_OscConfig
                0x00000000080080e0      0x5f0 build/Drivers/STM32F3xx_HAL_Driver/Src/stm32f3xx_hal_rcc.o
                0x00000000080080e0                HAL_RCC_OscConfig
 .text.HAL_RCC_ClockConfig
                0x00000000080086d0      0x2c0 build/Drivers/STM32F3xx_HAL_Driver/Src/stm32f3xx_hal_rcc.o
                0x00000000080086d0                HAL_RCC_ClockConfig
 .text.HAL_RCC_GetSysClockFreq
                0x0000000008008990       0x6c build/Drivers/STM32F3xx_HAL_Driver/Src/stm32f3xx_hal_rcc.o
                0x0000000008008990                HAL_RCC_GetSysClockFreq
 .text.HAL_RCC_GetHCLKFreq
                0x00000000080089fc       0x38 build/Drivers/STM32F3xx_HAL_Driver/Src/stm32f3xx_hal_rcc.o
                0x00000000080089fc                HAL_RCC_GetHCLKFreq
 .text.HAL_MspInit
                0x0000000008008a34        0x2 build/Drivers/STM32F3xx_HAL_Driver/Src/stm32f3xx_hal.o
                0x0000000008008a34                HAL_MspInit
 .text.HAL_InitTick
                0x0000000008008a36       0x24 build/Drivers/STM32F3xx_HAL_Driver/Src/stm32f3xx_hal.o
                0x0000000008008a36                HAL_InitTick
 *fill*         0x0000000008008a5a        0x2 
 .text.HAL_Init
                0x0000000008008a5c       0x24 build/Drivers/STM32F3xx_HAL_Driver/Src/stm32f3xx_hal.o
                0x0000000008008a5c                HAL_Init
 .text.HAL_IncTick
                0x0000000008008a80       0x10 build/Drivers/STM32F3xx_HAL_Driver/Src/stm32f3xx_hal.o
                0x0000000008008a80                HAL_IncTick
 .text.HAL_GetTick
                0x0000000008008a90        0xc build/Drivers/STM32F3xx_HAL_Driver/Src/stm32f3xx_hal.o
                0x0000000008008a90                HAL_GetTick
 .text.HAL_Delay
                0x0000000008008a9c       0x1a build/Drivers/STM32F3xx_HAL_Driver/Src/stm32f3xx_hal.o
                0x0000000008008a9c                HAL_Delay
 *fill*         0x0000000008008ab6        0x2 
 .text.HAL_NVIC_SetPriorityGrouping
                0x0000000008008ab8       0x24 build/Drivers/STM32F3xx_HAL_Driver/Src/stm32f3xx_hal_cortex.o
                0x0000000008008ab8                HAL_NVIC_SetPriorityGrouping
 .text.HAL_NVIC_SetPriority
                0x0000000008008adc       0x68 build/Drivers/STM32F3xx_HAL_Driver/Src/stm32f3xx_hal_cortex.o
                0x0000000008008adc                HAL_NVIC_SetPriority
 .text.HAL_NVIC_EnableIRQ
                0x0000000008008b44       0x18 build/Drivers/STM32F3xx_HAL_Driver/Src/stm32f3xx_hal_cortex.o
                0x0000000008008b44                HAL_NVIC_EnableIRQ
 .text.HAL_SYSTICK_Config
                0x0000000008008b5c       0x2c build/Drivers/STM32F3xx_HAL_Driver/Src/stm32f3xx_hal_cortex.o
                0x0000000008008b5c                HAL_SYSTICK_Config
 .text.HAL_GPIO_Init
                0x0000000008008b88      0x19c build/Drivers/STM32F3xx_HAL_Driver/Src/stm32f3xx_hal_gpio.o
                0x0000000008008b88                HAL_GPIO_Init
 .text.HAL_GPIO_ReadPin
                0x0000000008008d24        0xc build/Drivers/STM32F3xx_HAL_Driver/Src/stm32f3xx_hal_gpio.o
                0x0000000008008d24                HAL_GPIO_ReadPin
 .text.HAL_GPIO_WritePin
                0x0000000008008d30        0xa build/Drivers/STM32F3xx_HAL_Driver/Src/stm32f3xx_hal_gpio.o
                0x0000000008008d30                HAL_GPIO_WritePin
 .text.HAL_GPIO_TogglePin
                0x0000000008008d3a        0x8 build/Drivers/STM32F3xx_HAL_Driver/Src/stm32f3xx_hal_gpio.o
                0x0000000008008d3a                HAL_GPIO_TogglePin
 .text.HAL_GPIO_EXTI_Callback
                0x0000000008008d42        0x2 build/Drivers/STM32F3xx_HAL_Driver/Src/stm32f3xx_hal_gpio.o
                0x0000000008008d42                HAL_GPIO_EXTI_Callback
 .text.HAL_GPIO_EXTI_IRQHandler
                0x0000000008008d44       0x18 build/Drivers/STM32F3xx_HAL_Driver/Src/stm32f3xx_hal_gpio.o
                0x0000000008008d44                HAL_GPIO_EXTI_IRQHandler
 .text.HAL_PCD_Init
                0x0000000008008d5c       0x9a build/Drivers/STM32F3xx_HAL_Driver/Src/stm32f3xx_hal_pcd.o
                0x0000000008008d5c                HAL_PCD_Init
 .text.HAL_PCD_Start
                0x0000000008008df6        0xc build/Drivers/STM32F3xx_HAL_Driver/Src/stm32f3xx_hal_pcd.o
                0x0000000008008df6                HAL_PCD_Start
 .text.HAL_PCD_SetAddress
                0x0000000008008e02       0x2c build/Drivers/STM32F3xx_HAL_Driver/Src/stm32f3xx_hal_pcd.o
                0x0000000008008e02                HAL_PCD_SetAddress
 *fill*         0x0000000008008e2e        0x2 
 .text.HAL_PCD_EP_Open
                0x0000000008008e30      0x32c build/Drivers/STM32F3xx_HAL_Driver/Src/stm32f3xx_hal_pcd.o
                0x0000000008008e30                HAL_PCD_EP_Open
 .text.HAL_PCD_EP_Close
                0x000000000800915c      0x1d8 build/Drivers/STM32F3xx_HAL_Driver/Src/stm32f3xx_hal_pcd.o
                0x000000000800915c                HAL_PCD_EP_Close
 .text.HAL_PCD_EP_Receive
                0x0000000008009334      0x104 build/Drivers/STM32F3xx_HAL_Driver/Src/stm32f3xx_hal_pcd.o
                0x0000000008009334                HAL_PCD_EP_Receive
 .text.HAL_PCD_EP_GetRxCount
                0x0000000008009438       0x10 build/Drivers/STM32F3xx_HAL_Driver/Src/stm32f3xx_hal_pcd.o
                0x0000000008009438                HAL_PCD_EP_GetRxCount
 .text.HAL_PCD_EP_Transmit
                0x0000000008009448      0x180 build/Drivers/STM32F3xx_HAL_Driver/Src/stm32f3xx_hal_pcd.o
                0x0000000008009448                HAL_PCD_EP_Transmit
 .text.HAL_PCD_IRQHandler
                0x00000000080095c8      0x48c build/Drivers/STM32F3xx_HAL_Driver/Src/stm32f3xx_hal_pcd.o
                0x00000000080095c8                HAL_PCD_IRQHandler
 .text.HAL_PCD_EP_SetStall
                0x0000000008009a54       0xa0 build/Drivers/STM32F3xx_HAL_Driver/Src/stm32f3xx_hal_pcd.o
                0x0000000008009a54                HAL_PCD_EP_SetStall
 .text.HAL_PCD_EP_ClrStall
                0x0000000008009af4       0xc6 build/Drivers/STM32F3xx_HAL_Driver/Src/stm32f3xx_hal_pcd.o
                0x0000000008009af4                HAL_PCD_EP_ClrStall
 .text.HAL_PCDEx_PMAConfig
                0x0000000008009bba       0x34 build/Drivers/STM32F3xx_HAL_Driver/Src/stm32f3xx_hal_pcd_ex.o
                0x0000000008009bba                HAL_PCDEx_PMAConfig
 .text.PCD_WritePMA
                0x0000000008009bee       0x22 build/Drivers/STM32F3xx_HAL_Driver/Src/stm32f3xx_hal_pcd_ex.o
                0x0000000008009bee                PCD_WritePMA
 .text.PCD_ReadPMA
                0x0000000008009c10       0x22 build/Drivers/STM32F3xx_HAL_Driver/Src/stm32f3xx_hal_pcd_ex.o
                0x0000000008009c10                PCD_ReadPMA
 .text.HAL_PCDEx_SetConnectionState
                0x0000000008009c32        0x2 build/Drivers/STM32F3xx_HAL_Driver/Src/stm32f3xx_hal_pcd_ex.o
                0x0000000008009c32                HAL_PCDEx_SetConnectionState
 .text.I2C_TransferConfig
                0x0000000008009c34       0x2a build/Drivers/STM32F3xx_HAL_Driver/Src/stm32f3xx_hal_i2c.o
 .text.I2C_IsAcknowledgeFailed
                0x0000000008009c5e       0x96 build/Drivers/STM32F3xx_HAL_Driver/Src/stm32f3xx_hal_i2c.o
 .text.I2C_WaitOnFlagUntilTimeout
                0x0000000008009cf4       0x66 build/Drivers/STM32F3xx_HAL_Driver/Src/stm32f3xx_hal_i2c.o
 .text.I2C_WaitOnSTOPFlagUntilTimeout
                0x0000000008009d5a       0x50 build/Drivers/STM32F3xx_HAL_Driver/Src/stm32f3xx_hal_i2c.o
 .text.I2C_WaitOnTXISFlagUntilTimeout
                0x0000000008009daa       0x54 build/Drivers/STM32F3xx_HAL_Driver/Src/stm32f3xx_hal_i2c.o
 .text.I2C_RequestMemoryWrite
                0x0000000008009dfe       0x62 build/Drivers/STM32F3xx_HAL_Driver/Src/stm32f3xx_hal_i2c.o
 .text.I2C_RequestMemoryRead
                0x0000000008009e60       0x60 build/Drivers/STM32F3xx_HAL_Driver/Src/stm32f3xx_hal_i2c.o
 .text.HAL_I2C_MspInit
                0x0000000008009ec0        0x2 build/Drivers/STM32F3xx_HAL_Driver/Src/stm32f3xx_hal_i2c.o
                0x0000000008009ec0                HAL_I2C_MspInit
 .text.HAL_I2C_Init
                0x0000000008009ec2       0x90 build/Drivers/STM32F3xx_HAL_Driver/Src/stm32f3xx_hal_i2c.o
                0x0000000008009ec2                HAL_I2C_Init
 .text.HAL_I2C_MspDeInit
                0x0000000008009f52        0x2 build/Drivers/STM32F3xx_HAL_Driver/Src/stm32f3xx_hal_i2c.o
                0x0000000008009f52                HAL_I2C_MspDeInit
 .text.HAL_I2C_DeInit
                0x0000000008009f54       0x2e build/Drivers/STM32F3xx_HAL_Driver/Src/stm32f3xx_hal_i2c.o
                0x0000000008009f54                HAL_I2C_DeInit
 .text.HAL_I2C_Mem_Write
                0x0000000008009f82      0x132 build/Drivers/STM32F3xx_HAL_Driver/Src/stm32f3xx_hal_i2c.o
                0x0000000008009f82                HAL_I2C_Mem_Write
 .text.HAL_I2C_Mem_Read
                0x000000000800a0b4      0x13a build/Drivers/STM32F3xx_HAL_Driver/Src/stm32f3xx_hal_i2c.o
                0x000000000800a0b4                HAL_I2C_Mem_Read
 .text.HAL_I2C_GetState
                0x000000000800a1ee        0x6 build/Drivers/STM32F3xx_HAL_Driver/Src/stm32f3xx_hal_i2c.o
                0x000000000800a1ee                HAL_I2C_GetState
 .text.SPI_WaitFifoStateUntilTimeout.part.1
                0x000000000800a1f4       0x50 build/Drivers/STM32F3xx_HAL_Driver/Src/stm32f3xx_hal_spi.o
 .text.SPI_WaitFlagStateUntilTimeout
                0x000000000800a244       0x40 build/Drivers/STM32F3xx_HAL_Driver/Src/stm32f3xx_hal_spi.o
 .text.SPI_WaitFifoStateUntilTimeout
                0x000000000800a284       0x50 build/Drivers/STM32F3xx_HAL_Driver/Src/stm32f3xx_hal_spi.o
 .text.SPI_EndRxTxTransaction
                0x000000000800a2d4       0x48 build/Drivers/STM32F3xx_HAL_Driver/Src/stm32f3xx_hal_spi.o
 .text.HAL_SPI_MspInit
                0x000000000800a31c        0x2 build/Drivers/STM32F3xx_HAL_Driver/Src/stm32f3xx_hal_spi.o
                0x000000000800a31c                HAL_SPI_MspInit
 .text.HAL_SPI_Init
                0x000000000800a31e       0xa4 build/Drivers/STM32F3xx_HAL_Driver/Src/stm32f3xx_hal_spi.o
                0x000000000800a31e                HAL_SPI_Init
 .text.HAL_SPI_MspDeInit
                0x000000000800a3c2        0x2 build/Drivers/STM32F3xx_HAL_Driver/Src/stm32f3xx_hal_spi.o
                0x000000000800a3c2                HAL_SPI_MspDeInit
 .text.HAL_SPI_DeInit
                0x000000000800a3c4       0x2e build/Drivers/STM32F3xx_HAL_Driver/Src/stm32f3xx_hal_spi.o
                0x000000000800a3c4                HAL_SPI_DeInit
 .text.HAL_SPI_TransmitReceive
                0x000000000800a3f2      0x27c build/Drivers/STM32F3xx_HAL_Driver/Src/stm32f3xx_hal_spi.o
                0x000000000800a3f2                HAL_SPI_TransmitReceive
 .text.HAL_SPI_GetState
                0x000000000800a66e        0x6 build/Drivers/STM32F3xx_HAL_Driver/Src/stm32f3xx_hal_spi.o
                0x000000000800a66e                HAL_SPI_GetState
 .text.USBD_Init
                0x000000000800a674       0x2a build/Drivers/STM32_USB_Device_Library/Core/Src/usbd_core.o
                0x000000000800a674                USBD_Init
 .text.USBD_RegisterClass
                0x000000000800a69e        0xe build/Drivers/STM32_USB_Device_Library/Core/Src/usbd_core.o
                0x000000000800a69e                USBD_RegisterClass
 .text.USBD_Start
                0x000000000800a6ac        0xa build/Drivers/STM32_USB_Device_Library/Core/Src/usbd_core.o
                0x000000000800a6ac                USBD_Start
 .text.USBD_SetClassConfig
                0x000000000800a6b6       0x16 build/Drivers/STM32_USB_Device_Library/Core/Src/usbd_core.o
                0x000000000800a6b6                USBD_SetClassConfig
 .text.USBD_ClrClassConfig
                0x000000000800a6cc        0xe build/Drivers/STM32_USB_Device_Library/Core/Src/usbd_core.o
                0x000000000800a6cc                USBD_ClrClassConfig
 .text.USBD_LL_SetupStage
                0x000000000800a6da       0x5a build/Drivers/STM32_USB_Device_Library/Core/Src/usbd_core.o
                0x000000000800a6da                USBD_LL_SetupStage
 .text.USBD_LL_DataOutStage
                0x000000000800a734       0x64 build/Drivers/STM32_USB_Device_Library/Core/Src/usbd_core.o
                0x000000000800a734                USBD_LL_DataOutStage
 .text.USBD_LL_DataInStage
                0x000000000800a798       0x8c build/Drivers/STM32_USB_Device_Library/Core/Src/usbd_core.o
                0x000000000800a798                USBD_LL_DataInStage
 .text.USBD_LL_Reset
                0x000000000800a824       0x3e build/Drivers/STM32_USB_Device_Library/Core/Src/usbd_core.o
                0x000000000800a824                USBD_LL_Reset
 .text.USBD_LL_SetSpeed
                0x000000000800a862        0x6 build/Drivers/STM32_USB_Device_Library/Core/Src/usbd_core.o
                0x000000000800a862                USBD_LL_SetSpeed
 .text.USBD_LL_SOF
                0x000000000800a868       0x18 build/Drivers/STM32_USB_Device_Library/Core/Src/usbd_core.o
                0x000000000800a868                USBD_LL_SOF
 .text.USBD_CtlError.constprop.0
                0x000000000800a880       0x16 build/Drivers/STM32_USB_Device_Library/Core/Src/usbd_ctlreq.o
 *fill*         0x000000000800a896        0x2 
 .text.USBD_StdDevReq
                0x000000000800a898      0x1f4 build/Drivers/STM32_USB_Device_Library/Core/Src/usbd_ctlreq.o
                0x000000000800a898                USBD_StdDevReq
 .text.USBD_StdItfReq
                0x000000000800aa8c       0x30 build/Drivers/STM32_USB_Device_Library/Core/Src/usbd_ctlreq.o
                0x000000000800aa8c                USBD_StdItfReq
 .text.USBD_StdEPReq
                0x000000000800aabc       0xaa build/Drivers/STM32_USB_Device_Library/Core/Src/usbd_ctlreq.o
                0x000000000800aabc                USBD_StdEPReq
 .text.USBD_ParseSetupRequest
                0x000000000800ab66       0x28 build/Drivers/STM32_USB_Device_Library/Core/Src/usbd_ctlreq.o
                0x000000000800ab66                USBD_ParseSetupRequest
 .text.USBD_GetString
                0x000000000800ab8e       0x38 build/Drivers/STM32_USB_Device_Library/Core/Src/usbd_ctlreq.o
                0x000000000800ab8e                USBD_GetString
 .text.USBD_CtlSendData
                0x000000000800abc6       0x1a build/Drivers/STM32_USB_Device_Library/Core/Src/usbd_ioreq.o
                0x000000000800abc6                USBD_CtlSendData
 .text.USBD_CtlContinueSendData
                0x000000000800abe0       0x10 build/Drivers/STM32_USB_Device_Library/Core/Src/usbd_ioreq.o
                0x000000000800abe0                USBD_CtlContinueSendData
 .text.USBD_CtlPrepareRx
                0x000000000800abf0       0x1e build/Drivers/STM32_USB_Device_Library/Core/Src/usbd_ioreq.o
                0x000000000800abf0                USBD_CtlPrepareRx
 .text.USBD_CtlContinueRx
                0x000000000800ac0e       0x10 build/Drivers/STM32_USB_Device_Library/Core/Src/usbd_ioreq.o
                0x000000000800ac0e                USBD_CtlContinueRx
 .text.USBD_CtlSendStatus
                0x000000000800ac1e       0x16 build/Drivers/STM32_USB_Device_Library/Core/Src/usbd_ioreq.o
                0x000000000800ac1e                USBD_CtlSendStatus
 .text.USBD_CtlReceiveStatus
                0x000000000800ac34       0x16 build/Drivers/STM32_USB_Device_Library/Core/Src/usbd_ioreq.o
                0x000000000800ac34                USBD_CtlReceiveStatus
 .text.USBD_CDC_DataIn
                0x000000000800ac4a       0x12 build/Drivers/STM32_USB_Device_Library/Class/CDC/Src/usbd_cdc.o
 .text.USBD_CDC_EP0_RxReady
                0x000000000800ac5c       0x28 build/Drivers/STM32_USB_Device_Library/Class/CDC/Src/usbd_cdc.o
 .text.USBD_CDC_GetFSCfgDesc
                0x000000000800ac84        0xc build/Drivers/STM32_USB_Device_Library/Class/CDC/Src/usbd_cdc.o
 .text.USBD_CDC_GetHSCfgDesc
                0x000000000800ac90        0xc build/Drivers/STM32_USB_Device_Library/Class/CDC/Src/usbd_cdc.o
 .text.USBD_CDC_GetOtherSpeedCfgDesc
                0x000000000800ac9c        0xc build/Drivers/STM32_USB_Device_Library/Class/CDC/Src/usbd_cdc.o
 .text.USBD_CDC_GetDeviceQualifierDescriptor
                0x000000000800aca8        0xc build/Drivers/STM32_USB_Device_Library/Class/CDC/Src/usbd_cdc.o
                0x000000000800aca8                USBD_CDC_GetDeviceQualifierDescriptor
 .text.USBD_CDC_DataOut
                0x000000000800acb4       0x2e build/Drivers/STM32_USB_Device_Library/Class/CDC/Src/usbd_cdc.o
 .text.USBD_CDC_DeInit
                0x000000000800ace2       0x3a build/Drivers/STM32_USB_Device_Library/Class/CDC/Src/usbd_cdc.o
 .text.USBD_CDC_Init
                0x000000000800ad1c       0x8c build/Drivers/STM32_USB_Device_Library/Class/CDC/Src/usbd_cdc.o
 .text.USBD_CDC_Setup
                0x000000000800ada8       0x56 build/Drivers/STM32_USB_Device_Library/Class/CDC/Src/usbd_cdc.o
 .text.USBD_CDC_RegisterInterface
                0x000000000800adfe        0xe build/Drivers/STM32_USB_Device_Library/Class/CDC/Src/usbd_cdc.o
                0x000000000800adfe                USBD_CDC_RegisterInterface
 .text.USBD_CDC_SetTxBuffer
                0x000000000800ae0c       0x10 build/Drivers/STM32_USB_Device_Library/Class/CDC/Src/usbd_cdc.o
                0x000000000800ae0c                USBD_CDC_SetTxBuffer
 .text.USBD_CDC_SetRxBuffer
                0x000000000800ae1c        0xc build/Drivers/STM32_USB_Device_Library/Class/CDC/Src/usbd_cdc.o
                0x000000000800ae1c                USBD_CDC_SetRxBuffer
 .text.USBD_CDC_TransmitPacket
                0x000000000800ae28       0x2e build/Drivers/STM32_USB_Device_Library/Class/CDC/Src/usbd_cdc.o
                0x000000000800ae28                USBD_CDC_TransmitPacket
 .text.USBD_CDC_ReceivePacket
                0x000000000800ae56       0x26 build/Drivers/STM32_USB_Device_Library/Class/CDC/Src/usbd_cdc.o
                0x000000000800ae56                USBD_CDC_ReceivePacket
 .text.HAL_PCD_MspInit
                0x000000000800ae7c       0x9c build/usbd_conf.o
                0x000000000800ae7c                HAL_PCD_MspInit
 .text.HAL_PCD_SetupStageCallback
                0x000000000800af18        0xc build/usbd_conf.o
                0x000000000800af18                HAL_PCD_SetupStageCallback
 .text.HAL_PCD_DataOutStageCallback
                0x000000000800af24       0x12 build/usbd_conf.o
                0x000000000800af24                HAL_PCD_DataOutStageCallback
 .text.HAL_PCD_DataInStageCallback
                0x000000000800af36       0x10 build/usbd_conf.o
                0x000000000800af36                HAL_PCD_DataInStageCallback
 .text.HAL_PCD_SOFCallback
                0x000000000800af46        0x8 build/usbd_conf.o
                0x000000000800af46                HAL_PCD_SOFCallback
 .text.HAL_PCD_ResetCallback
                0x000000000800af4e       0x1a build/usbd_conf.o
                0x000000000800af4e                HAL_PCD_ResetCallback
 .text.HAL_PCD_SuspendCallback
                0x000000000800af68        0x2 build/usbd_conf.o
                0x000000000800af68                HAL_PCD_SuspendCallback
 .text.HAL_PCD_ResumeCallback
                0x000000000800af6a        0x2 build/usbd_conf.o
                0x000000000800af6a                HAL_PCD_ResumeCallback
 .text.USBD_LL_Init
                0x000000000800af6c       0x7c build/usbd_conf.o
                0x000000000800af6c                USBD_LL_Init
 .text.USBD_LL_Start
                0x000000000800afe8        0xe build/usbd_conf.o
                0x000000000800afe8                USBD_LL_Start
 .text.USBD_LL_OpenEP
                0x000000000800aff6       0x14 build/usbd_conf.o
                0x000000000800aff6                USBD_LL_OpenEP
 .text.USBD_LL_CloseEP
                0x000000000800b00a        0xe build/usbd_conf.o
                0x000000000800b00a                USBD_LL_CloseEP
 .text.USBD_LL_StallEP
                0x000000000800b018        0xe build/usbd_conf.o
                0x000000000800b018                USBD_LL_StallEP
 .text.USBD_LL_ClearStallEP
                0x000000000800b026        0xe build/usbd_conf.o
                0x000000000800b026                USBD_LL_ClearStallEP
 .text.USBD_LL_IsStallEP
                0x000000000800b034       0x26 build/usbd_conf.o
                0x000000000800b034                USBD_LL_IsStallEP
 .text.USBD_LL_SetUSBAddress
                0x000000000800b05a        0xe build/usbd_conf.o
                0x000000000800b05a                USBD_LL_SetUSBAddress
 .text.USBD_LL_Transmit
                0x000000000800b068        0xe build/usbd_conf.o
                0x000000000800b068                USBD_LL_Transmit
 .text.USBD_LL_PrepareReceive
                0x000000000800b076        0xe build/usbd_conf.o
                0x000000000800b076                USBD_LL_PrepareReceive
 .text.USBD_LL_GetRxDataSize
                0x000000000800b084        0xc build/usbd_conf.o
                0x000000000800b084                USBD_LL_GetRxDataSize
 .text.USBD_static_malloc
                0x000000000800b090        0x8 build/usbd_conf.o
                0x000000000800b090                USBD_static_malloc
 .text.USBD_static_free
                0x000000000800b098        0x2 build/usbd_conf.o
                0x000000000800b098                USBD_static_free
 *fill*         0x000000000800b09a        0x2 
 .text.USBD_VCP_DeviceDescriptor
                0x000000000800b09c        0xc build/usbd_desc.o
                0x000000000800b09c                USBD_VCP_DeviceDescriptor
 .text.USBD_VCP_LangIDStrDescriptor
                0x000000000800b0a8        0xc build/usbd_desc.o
                0x000000000800b0a8                USBD_VCP_LangIDStrDescriptor
 .text.IntToUnicode
                0x000000000800b0b4       0x28 build/usbd_desc.o
 .text.USBD_VCP_SerialStrDescriptor
                0x000000000800b0dc       0x40 build/usbd_desc.o
                0x000000000800b0dc                USBD_VCP_SerialStrDescriptor
 .text.USBD_VCP_ProductStrDescriptor
                0x000000000800b11c       0x1c build/usbd_desc.o
                0x000000000800b11c                USBD_VCP_ProductStrDescriptor
 .text.USBD_VCP_ManufacturerStrDescriptor
                0x000000000800b138       0x1c build/usbd_desc.o
                0x000000000800b138                USBD_VCP_ManufacturerStrDescriptor
 .text.USBD_VCP_ConfigStrDescriptor
                0x000000000800b154       0x1c build/usbd_desc.o
                0x000000000800b154                USBD_VCP_ConfigStrDescriptor
 .text.USBD_VCP_InterfaceStrDescriptor
                0x000000000800b170       0x1c build/usbd_desc.o
                0x000000000800b170                USBD_VCP_InterfaceStrDescriptor
 .text.CDC_Itf_DeInit
                0x000000000800b18c        0x4 build/usbd_cdc_interface.o
 .text.CDC_Itf_Receive
                0x000000000800b190       0x1c build/usbd_cdc_interface.o
 .text.CDC_Itf_Init
                0x000000000800b1ac       0x18 build/usbd_cdc_interface.o
 .text.CDC_Itf_Control
                0x000000000800b1c4       0x48 build/usbd_cdc_interface.o
 .text.SPIx_Init
                0x000000000800b20c       0x80 build/Drivers/BSP/STM32F3-Discovery/stm32f3_discovery.o
 .text.SPIx_WriteRead
                0x000000000800b28c       0x40 build/Drivers/BSP/STM32F3-Discovery/stm32f3_discovery.o
 .text.I2Cx_Init
                0x000000000800b2cc       0x6c build/Drivers/BSP/STM32F3-Discovery/stm32f3_discovery.o
 .text.BSP_LED_Init
                0x000000000800b338       0x6c build/Drivers/BSP/STM32F3-Discovery/stm32f3_discovery.o
                0x000000000800b338                BSP_LED_Init
 .text.BSP_LED_On
                0x000000000800b3a4       0x1c build/Drivers/BSP/STM32F3-Discovery/stm32f3_discovery.o
                0x000000000800b3a4                BSP_LED_On
 .text.BSP_LED_Off
                0x000000000800b3c0       0x1c build/Drivers/BSP/STM32F3-Discovery/stm32f3_discovery.o
                0x000000000800b3c0                BSP_LED_Off
 .text.BSP_LED_Toggle
                0x000000000800b3dc       0x18 build/Drivers/BSP/STM32F3-Discovery/stm32f3_discovery.o
                0x000000000800b3dc                BSP_LED_Toggle
 .text.BSP_PB_Init
                0x000000000800b3f4       0x74 build/Drivers/BSP/STM32F3-Discovery/stm32f3_discovery.o
                0x000000000800b3f4                BSP_PB_Init
 .text.BSP_PB_GetState
                0x000000000800b468       0x14 build/Drivers/BSP/STM32F3-Discovery/stm32f3_discovery.o
                0x000000000800b468                BSP_PB_GetState
 .text.GYRO_IO_Init
                0x000000000800b47c       0x68 build/Drivers/BSP/STM32F3-Discovery/stm32f3_discovery.o
                0x000000000800b47c                GYRO_IO_Init
 .text.GYRO_IO_Write
                0x000000000800b4e4       0x44 build/Drivers/BSP/STM32F3-Discovery/stm32f3_discovery.o
                0x000000000800b4e4                GYRO_IO_Write
 .text.GYRO_IO_Read
                0x000000000800b528       0x48 build/Drivers/BSP/STM32F3-Discovery/stm32f3_discovery.o
                0x000000000800b528                GYRO_IO_Read
 .text.COMPASSACCELERO_IO_Init
                0x000000000800b570       0x64 build/Drivers/BSP/STM32F3-Discovery/stm32f3_discovery.o
                0x000000000800b570                COMPASSACCELERO_IO_Init
 .text.COMPASSACCELERO_IO_ITConfig
                0x000000000800b5d4       0x48 build/Drivers/BSP/STM32F3-Discovery/stm32f3_discovery.o
                0x000000000800b5d4                COMPASSACCELERO_IO_ITConfig
 .text.COMPASSACCELERO_IO_Write
                0x000000000800b61c       0x38 build/Drivers/BSP/STM32F3-Discovery/stm32f3_discovery.o
                0x000000000800b61c                COMPASSACCELERO_IO_Write
 .text.COMPASSACCELERO_IO_Read
                0x000000000800b654       0x40 build/Drivers/BSP/STM32F3-Discovery/stm32f3_discovery.o
                0x000000000800b654                COMPASSACCELERO_IO_Read
 .text.BSP_ACCELERO_Init
                0x000000000800b694       0x30 build/Drivers/BSP/STM32F3-Discovery/stm32f3_discovery_accelerometer.o
                0x000000000800b694                BSP_ACCELERO_Init
 .text.BSP_ACCELERO_GetXYZ
                0x000000000800b6c4       0x10 build/Drivers/BSP/STM32F3-Discovery/stm32f3_discovery_accelerometer.o
                0x000000000800b6c4                BSP_ACCELERO_GetXYZ
 .text.BSP_GYRO_Init
                0x000000000800b6d4       0x44 build/Drivers/BSP/STM32F3-Discovery/stm32f3_discovery_gyroscope.o
                0x000000000800b6d4                BSP_GYRO_Init
 .text.BSP_GYRO_GetXYZ
                0x000000000800b718       0x10 build/Drivers/BSP/STM32F3-Discovery/stm32f3_discovery_gyroscope.o
                0x000000000800b718                BSP_GYRO_GetXYZ
 .text.LSM303DLHC_AccInit
                0x000000000800b728       0x20 build/Drivers/BSP/Components/lsm303dlhc/lsm303dlhc.o
                0x000000000800b728                LSM303DLHC_AccInit
 .text.LSM303DLHC_AccReadID
                0x000000000800b748       0x12 build/Drivers/BSP/Components/lsm303dlhc/lsm303dlhc.o
                0x000000000800b748                LSM303DLHC_AccReadID
 .text.LSM303DLHC_AccRebootCmd
                0x000000000800b75a       0x1c build/Drivers/BSP/Components/lsm303dlhc/lsm303dlhc.o
                0x000000000800b75a                LSM303DLHC_AccRebootCmd
 .text.LSM303DLHC_AccFilterConfig
                0x000000000800b776       0x1e build/Drivers/BSP/Components/lsm303dlhc/lsm303dlhc.o
                0x000000000800b776                LSM303DLHC_AccFilterConfig
 .text.LSM303DLHC_AccFilterCmd
                0x000000000800b794       0x1e build/Drivers/BSP/Components/lsm303dlhc/lsm303dlhc.o
                0x000000000800b794                LSM303DLHC_AccFilterCmd
 .text.LSM303DLHC_AccReadXYZ
                0x000000000800b7b2       0xce build/Drivers/BSP/Components/lsm303dlhc/lsm303dlhc.o
                0x000000000800b7b2                LSM303DLHC_AccReadXYZ
 .text.LSM303DLHC_AccFilterClickCmd
                0x000000000800b880       0x1e build/Drivers/BSP/Components/lsm303dlhc/lsm303dlhc.o
                0x000000000800b880                LSM303DLHC_AccFilterClickCmd
 .text.LSM303DLHC_AccIT1Enable
                0x000000000800b89e       0x1e build/Drivers/BSP/Components/lsm303dlhc/lsm303dlhc.o
                0x000000000800b89e                LSM303DLHC_AccIT1Enable
 .text.LSM303DLHC_AccClickITEnable
                0x000000000800b8bc       0x46 build/Drivers/BSP/Components/lsm303dlhc/lsm303dlhc.o
                0x000000000800b8bc                LSM303DLHC_AccClickITEnable
 .text.LSM303DLHC_AccZClickITConfig
                0x000000000800b902       0x1c build/Drivers/BSP/Components/lsm303dlhc/lsm303dlhc.o
                0x000000000800b902                LSM303DLHC_AccZClickITConfig
 .text.L3GD20_Init
                0x000000000800b91e       0x32 build/Drivers/BSP/Components/l3gd20/l3gd20.o
                0x000000000800b91e                L3GD20_Init
 .text.L3GD20_ReadID
                0x000000000800b950       0x1c build/Drivers/BSP/Components/l3gd20/l3gd20.o
                0x000000000800b950                L3GD20_ReadID
 .text.L3GD20_RebootCmd
                0x000000000800b96c       0x2c build/Drivers/BSP/Components/l3gd20/l3gd20.o
                0x000000000800b96c                L3GD20_RebootCmd
 .text.L3GD20_INT1InterruptConfig
                0x000000000800b998       0x5c build/Drivers/BSP/Components/l3gd20/l3gd20.o
                0x000000000800b998                L3GD20_INT1InterruptConfig
 .text.L3GD20_EnableIT
                0x000000000800b9f4       0x40 build/Drivers/BSP/Components/l3gd20/l3gd20.o
                0x000000000800b9f4                L3GD20_EnableIT
 .text.L3GD20_DisableIT
                0x000000000800ba34       0x3c build/Drivers/BSP/Components/l3gd20/l3gd20.o
                0x000000000800ba34                L3GD20_DisableIT
 .text.L3GD20_FilterConfig
                0x000000000800ba70       0x2e build/Drivers/BSP/Components/l3gd20/l3gd20.o
                0x000000000800ba70                L3GD20_FilterConfig
 .text.L3GD20_FilterCmd
                0x000000000800ba9e       0x2e build/Drivers/BSP/Components/l3gd20/l3gd20.o
                0x000000000800ba9e                L3GD20_FilterCmd
 .text.L3GD20_ReadXYZAngRate
                0x000000000800bacc       0xd8 build/Drivers/BSP/Components/l3gd20/l3gd20.o
                0x000000000800bacc                L3GD20_ReadXYZAngRate
 .text.Reset_Handler
                0x000000000800bba4       0x50 build/Drivers/CMSIS/Device/ST/STM32F3xx/Source/Templates/gcc/startup_stm32f303xc.o
                0x000000000800bba4                Reset_Handler
 .text.Default_Handler
                0x000000000800bbf4        0x2 build/Drivers/CMSIS/Device/ST/STM32F3xx/Source/Templates/gcc/startup_stm32f303xc.o
                0x000000000800bbf4                RTC_Alarm_IRQHandler
                0x000000000800bbf4                TIM8_TRG_COM_IRQHandler
                0x000000000800bbf4                TIM8_CC_IRQHandler
                0x000000000800bbf4                DebugMon_Handler
                0x000000000800bbf4                TIM1_CC_IRQHandler
                0x000000000800bbf4                HardFault_Handler
                0x000000000800bbf4                USB_HP_IRQHandler
                0x000000000800bbf4                PVD_IRQHandler
                0x000000000800bbf4                TAMP_STAMP_IRQHandler
                0x000000000800bbf4                PendSV_Handler
                0x000000000800bbf4                NMI_Handler
                0x000000000800bbf4                EXTI3_IRQHandler
                0x000000000800bbf4                USB_HP_CAN_TX_IRQHandler
                0x000000000800bbf4                I2C2_EV_IRQHandler
                0x000000000800bbf4                FPU_IRQHandler
                0x000000000800bbf4                TIM1_UP_TIM16_IRQHandler
                0x000000000800bbf4                UsageFault_Handler
                0x000000000800bbf4                ADC1_2_IRQHandler
                0x000000000800bbf4                SPI1_IRQHandler
                0x000000000800bbf4                CAN_SCE_IRQHandler
                0x000000000800bbf4                TIM6_DAC_IRQHandler
                0x000000000800bbf4                TIM8_UP_IRQHandler
                0x000000000800bbf4                DMA2_Channel2_IRQHandler
                0x000000000800bbf4                DMA1_Channel4_IRQHandler
                0x000000000800bbf4                USART3_IRQHandler
                0x000000000800bbf4                DMA1_Channel7_IRQHandler
                0x000000000800bbf4                UART5_IRQHandler
                0x000000000800bbf4                ADC3_IRQHandler
                0x000000000800bbf4                TIM4_IRQHandler
                0x000000000800bbf4                CAN_RX1_IRQHandler
                0x000000000800bbf4                DMA2_Channel1_IRQHandler
                0x000000000800bbf4                I2C1_EV_IRQHandler
                0x000000000800bbf4                DMA1_Channel6_IRQHandler
                0x000000000800bbf4                UART4_IRQHandler
                0x000000000800bbf4                DMA2_Channel4_IRQHandler
                0x000000000800bbf4                TIM3_IRQHandler
                0x000000000800bbf4                RCC_IRQHandler
                0x000000000800bbf4                DMA1_Channel1_IRQHandler
                0x000000000800bbf4                Default_Handler
                0x000000000800bbf4                USBWakeUp_RMP_IRQHandler
                0x000000000800bbf4                EXTI15_10_IRQHandler
                0x000000000800bbf4                TIM7_IRQHandler
                0x000000000800bbf4                EXTI9_5_IRQHandler
                0x000000000800bbf4                RTC_WKUP_IRQHandler
                0x000000000800bbf4                SPI2_IRQHandler
                0x000000000800bbf4                MemManage_Handler
                0x000000000800bbf4                SVC_Handler
                0x000000000800bbf4                DMA2_Channel5_IRQHandler
                0x000000000800bbf4                DMA1_Channel5_IRQHandler
                0x000000000800bbf4                USB_LP_IRQHandler
                0x000000000800bbf4                EXTI4_IRQHandler
                0x000000000800bbf4                TIM1_TRG_COM_TIM17_IRQHandler
                0x000000000800bbf4                DMA1_Channel3_IRQHandler
                0x000000000800bbf4                ADC4_IRQHandler
                0x000000000800bbf4                WWDG_IRQHandler
                0x000000000800bbf4                TIM2_IRQHandler
                0x000000000800bbf4                COMP7_IRQHandler
                0x000000000800bbf4                COMP1_2_3_IRQHandler
                0x000000000800bbf4                EXTI1_IRQHandler
                0x000000000800bbf4                USART2_IRQHandler
                0x000000000800bbf4                COMP4_5_6_IRQHandler
                0x000000000800bbf4                I2C2_ER_IRQHandler
                0x000000000800bbf4                DMA1_Channel2_IRQHandler
                0x000000000800bbf4                TIM8_BRK_IRQHandler
                0x000000000800bbf4                FLASH_IRQHandler
                0x000000000800bbf4                BusFault_Handler
                0x000000000800bbf4                USART1_IRQHandler
                0x000000000800bbf4                SPI3_IRQHandler
                0x000000000800bbf4                I2C1_ER_IRQHandler
                0x000000000800bbf4                USBWakeUp_IRQHandler
                0x000000000800bbf4                DMA2_Channel3_IRQHandler
                0x000000000800bbf4                EXTI2_TSC_IRQHandler
                0x000000000800bbf4                TIM1_BRK_TIM15_IRQHandler
 *fill*         0x000000000800bbf6        0x2 
 .text.startup  0x000000000800bbf8       0x14 /usr/lib/gcc/arm-none-eabi/6.3.1/../../../arm-none-eabi/lib/thumb/v7e-m/fpv4-sp/hard/libg.a(lib_a-__call_atexit.o)
 *(.glue_7)
 .glue_7        0x000000000800bc0c        0x0 linker stubs
 *(.glue_7t)
 .glue_7t       0x000000000800bc0c        0x0 linker stubs
 *(.eh_frame)
 .eh_frame      0x000000000800bc0c        0x0 /usr/lib/gcc/arm-none-eabi/6.3.1/thumb/v7e-m/fpv4-sp/hard/crtbegin.o
 *(.init)
 .init          0x000000000800bc0c        0x4 /usr/lib/gcc/arm-none-eabi/6.3.1/thumb/v7e-m/fpv4-sp/hard/crti.o
                0x000000000800bc0c                _init
 .init          0x000000000800bc10        0x8 /usr/lib/gcc/arm-none-eabi/6.3.1/thumb/v7e-m/fpv4-sp/hard/crtn.o
 *(.fini)
 .fini          0x000000000800bc18        0x4 /usr/lib/gcc/arm-none-eabi/6.3.1/thumb/v7e-m/fpv4-sp/hard/crti.o
                0x000000000800bc18                _fini
 .fini          0x000000000800bc1c        0x8 /usr/lib/gcc/arm-none-eabi/6.3.1/thumb/v7e-m/fpv4-sp/hard/crtn.o
                0x000000000800bc24                . = ALIGN (0x4)
                0x000000000800bc24                _etext = .

.vfp11_veneer   0x000000000800bc24        0x0
 .vfp11_veneer  0x000000000800bc24        0x0 linker stubs

.v4_bx          0x000000000800bc24        0x0
 .v4_bx         0x000000000800bc24        0x0 linker stubs

.iplt           0x000000000800bc24        0x0
 .iplt          0x000000000800bc24        0x0 /usr/lib/gcc/arm-none-eabi/6.3.1/thumb/v7e-m/fpv4-sp/hard/crtbegin.o

.rodata         0x000000000800bc28     0xf95c
                0x000000000800bc28                . = ALIGN (0x4)
 *(.rodata)
 .rodata        0x000000000800bc28      0x494 build/decoder/STM32F30x_decoder.o
 .rodata        0x000000000800c0bc      0x101 /usr/lib/gcc/arm-none-eabi/6.3.1/../../../arm-none-eabi/lib/thumb/v7e-m/fpv4-sp/hard/libg.a(lib_a-ctype_.o)
                0x000000000800c0bc                _ctype_
 *fill*         0x000000000800c1bd        0x3 
 .rodata        0x000000000800c1c0        0x4 /usr/lib/gcc/arm-none-eabi/6.3.1/../../../arm-none-eabi/lib/thumb/v7e-m/fpv4-sp/hard/libg.a(lib_a-impure.o)
                0x000000000800c1c0                _global_impure_ptr
 .rodata        0x000000000800c1c4       0x20 /usr/lib/gcc/arm-none-eabi/6.3.1/../../../arm-none-eabi/lib/thumb/v7e-m/fpv4-sp/hard/libg.a(lib_a-vfprintf.o)
 *fill*         0x000000000800c1e4        0x4 
 .rodata        0x000000000800c1e8      0x128 /usr/lib/gcc/arm-none-eabi/6.3.1/../../../arm-none-eabi/lib/thumb/v7e-m/fpv4-sp/hard/libg.a(lib_a-mprec.o)
                0x000000000800c1f8                __mprec_tens
                0x000000000800c2c0                __mprec_tinytens
                0x000000000800c2e8                __mprec_bigtens
 .rodata        0x000000000800c310       0x20 /usr/lib/gcc/arm-none-eabi/6.3.1/../../../arm-none-eabi/lib/thumb/v7e-m/fpv4-sp/hard/libg.a(lib_a-vfiprintf.o)
 *(.rodata*)
 .rodata.CmdAccel.str1.1
                0x000000000800c330       0x33 build/main.o
 .rodata.CmdButton.str1.1
                0x000000000800c363       0x2a build/main.o
 .rodata.CmdGyro.str1.1
                0x000000000800c38d       0x2f build/main.o
 .rodata.CmdLED.str1.1
                0x000000000800c3bc       0x68 build/main.o
 .rodata.LEDs   0x000000000800c424        0x8 build/main.o
                0x000000000800c424                LEDs
 .rodata.main.str1.1
                0x000000000800c42c       0x41 build/main.o
 .rodata.str1.1
                0x000000000800c46d       0x9d build/main.o
                                         0xa4 (size before relaxing)
 .rodata.CmdTest.str1.1
                0x000000000800c50a       0x47 build/mytest.o
 .rodata.str1.1
                0x000000000800c551       0x16 build/mytest.o
 .rodata.a3.str1.1
                0x000000000800c567       0x2c build/lz_ka_hook.o
 .rodata.str1.1
                0x000000000800c593       0x34 build/lz_ka_hook.o
 .rodata.CmdR.str1.1
                0x000000000800c5c7       0x10 build/monitor.o
 .rodata.str1.1
                0x000000000800c5d7       0x3b build/monitor.o
                                         0x3d (size before relaxing)
 .rodata.TaskInput.str1.1
                0x000000000800c612        0xb build/parser.o
                                          0xe (size before relaxing)
 .rodata.__FUNCTION__.6992
                0x000000000800c61d        0x6 build/parser.o
 .rodata.parse.str1.1
                0x000000000800c623       0xd6 build/parser.o
 .rodata.CmdDump.str1.1
                0x000000000800c6f9      0x1ca build/dump.o
 .rodata.DumpBuffer.str1.1
                0x000000000800c8c3       0x16 build/dump.o
 .rodata.str1.1
                0x000000000800c8d9       0x1c build/dump.o
                                         0x1e (size before relaxing)
 .rodata.CmdStats.str1.1
                0x000000000800c8f5       0x78 build/terminal.o
 .rodata._write_r.str1.1
                0x000000000800c96d       0x78 build/terminal.o
                                          0x2 (size before relaxing)
 .rodata.str1.1
                0x000000000800c96d       0x32 build/terminal.o
 .rodata.CmdDecode.str1.1
                0x000000000800c99f      0x403 build/decoder/decoder.o
                                        0x405 (size before relaxing)
 .rodata.DecodeField.str1.1
                0x000000000800cda2       0x35 build/decoder/decoder.o
 .rodata.DecodePeripheral.str1.1
                0x000000000800cdd7       0x28 build/decoder/decoder.o
 .rodata.DecodePrintPeripherals.str1.1
                0x000000000800cdff        0x3 build/decoder/decoder.o
                                          0x9 (size before relaxing)
 .rodata.DecodeReadRegister.str1.1
                0x000000000800ce02       0x35 build/decoder/decoder.o
 .rodata.DecodeRegister.str1.1
                0x000000000800ce37       0x3b build/decoder/decoder.o
 .rodata.Uncompress.str1.1
                0x000000000800ce72       0x26 build/decoder/decoder.o
 .rodata.str1.1
                0x000000000800ce98       0x21 build/decoder/decoder.o
                                         0x28 (size before relaxing)
 *fill*         0x000000000800ceb9        0x3 
 .rodata.ADC1_2_CCR_fields
                0x000000000800cebc       0x40 build/decoder/STM32F30x_decoder.o
                0x000000000800cebc                ADC1_2_CCR_fields
 .rodata.ADC1_2_CDR_fields
                0x000000000800cefc       0x10 build/decoder/STM32F30x_decoder.o
                0x000000000800cefc                ADC1_2_CDR_fields
 .rodata.ADC1_2_CSR_fields
                0x000000000800cf0c       0xb0 build/decoder/STM32F30x_decoder.o
                0x000000000800cf0c                ADC1_2_CSR_fields
 .rodata.ADC1_2_registers
                0x000000000800cfbc       0x30 build/decoder/STM32F30x_decoder.o
                0x000000000800cfbc                ADC1_2_registers
 .rodata.ADC1_AWD2CR_fields
                0x000000000800cfec        0x8 build/decoder/STM32F30x_decoder.o
                0x000000000800cfec                ADC1_AWD2CR_fields
 .rodata.ADC1_AWD3CR_fields
                0x000000000800cff4        0x8 build/decoder/STM32F30x_decoder.o
                0x000000000800cff4                ADC1_AWD3CR_fields
 .rodata.ADC1_CALFACT_fields
                0x000000000800cffc       0x10 build/decoder/STM32F30x_decoder.o
                0x000000000800cffc                ADC1_CALFACT_fields
 .rodata.ADC1_CFGR_fields
                0x000000000800d00c       0x98 build/decoder/STM32F30x_decoder.o
                0x000000000800d00c                ADC1_CFGR_fields
 .rodata.ADC1_CR_fields
                0x000000000800d0a4       0x50 build/decoder/STM32F30x_decoder.o
                0x000000000800d0a4                ADC1_CR_fields
 .rodata.ADC1_DIFSEL_fields
                0x000000000800d0f4       0x10 build/decoder/STM32F30x_decoder.o
                0x000000000800d0f4                ADC1_DIFSEL_fields
 .rodata.ADC1_DR_fields
                0x000000000800d104        0x8 build/decoder/STM32F30x_decoder.o
                0x000000000800d104                ADC1_DR_fields
 .rodata.ADC1_IER_fields
                0x000000000800d10c       0x58 build/decoder/STM32F30x_decoder.o
                0x000000000800d10c                ADC1_IER_fields
 .rodata.ADC1_ISR_fields
                0x000000000800d164       0x58 build/decoder/STM32F30x_decoder.o
                0x000000000800d164                ADC1_ISR_fields
 .rodata.ADC1_JDR1_fields
                0x000000000800d1bc        0x8 build/decoder/STM32F30x_decoder.o
                0x000000000800d1bc                ADC1_JDR1_fields
 .rodata.ADC1_JDR2_fields
                0x000000000800d1c4        0x8 build/decoder/STM32F30x_decoder.o
                0x000000000800d1c4                ADC1_JDR2_fields
 .rodata.ADC1_JDR3_fields
                0x000000000800d1cc        0x8 build/decoder/STM32F30x_decoder.o
                0x000000000800d1cc                ADC1_JDR3_fields
 .rodata.ADC1_JDR4_fields
                0x000000000800d1d4        0x8 build/decoder/STM32F30x_decoder.o
                0x000000000800d1d4                ADC1_JDR4_fields
 .rodata.ADC1_JSQR_fields
                0x000000000800d1dc       0x38 build/decoder/STM32F30x_decoder.o
                0x000000000800d1dc                ADC1_JSQR_fields
 .rodata.ADC1_OFR1_fields
                0x000000000800d214       0x18 build/decoder/STM32F30x_decoder.o
                0x000000000800d214                ADC1_OFR1_fields
 .rodata.ADC1_OFR2_fields
                0x000000000800d22c       0x18 build/decoder/STM32F30x_decoder.o
                0x000000000800d22c                ADC1_OFR2_fields
 .rodata.ADC1_OFR3_fields
                0x000000000800d244       0x18 build/decoder/STM32F30x_decoder.o
                0x000000000800d244                ADC1_OFR3_fields
 .rodata.ADC1_OFR4_fields
                0x000000000800d25c       0x18 build/decoder/STM32F30x_decoder.o
                0x000000000800d25c                ADC1_OFR4_fields
 .rodata.ADC1_SMPR1_fields
                0x000000000800d274       0x48 build/decoder/STM32F30x_decoder.o
                0x000000000800d274                ADC1_SMPR1_fields
 .rodata.ADC1_SMPR2_fields
                0x000000000800d2bc       0x48 build/decoder/STM32F30x_decoder.o
                0x000000000800d2bc                ADC1_SMPR2_fields
 .rodata.ADC1_SQR1_fields
                0x000000000800d304       0x28 build/decoder/STM32F30x_decoder.o
                0x000000000800d304                ADC1_SQR1_fields
 .rodata.ADC1_SQR2_fields
                0x000000000800d32c       0x28 build/decoder/STM32F30x_decoder.o
                0x000000000800d32c                ADC1_SQR2_fields
 .rodata.ADC1_SQR3_fields
                0x000000000800d354       0x28 build/decoder/STM32F30x_decoder.o
                0x000000000800d354                ADC1_SQR3_fields
 .rodata.ADC1_SQR4_fields
                0x000000000800d37c       0x10 build/decoder/STM32F30x_decoder.o
                0x000000000800d37c                ADC1_SQR4_fields
 .rodata.ADC1_TR1_fields
                0x000000000800d38c       0x10 build/decoder/STM32F30x_decoder.o
                0x000000000800d38c                ADC1_TR1_fields
 .rodata.ADC1_TR2_fields
                0x000000000800d39c       0x10 build/decoder/STM32F30x_decoder.o
                0x000000000800d39c                ADC1_TR2_fields
 .rodata.ADC1_TR3_fields
                0x000000000800d3ac       0x10 build/decoder/STM32F30x_decoder.o
                0x000000000800d3ac                ADC1_TR3_fields
 .rodata.ADC1_registers
                0x000000000800d3bc      0x1b0 build/decoder/STM32F30x_decoder.o
                0x000000000800d3bc                ADC1_registers
 .rodata.CAN_BTR_fields
                0x000000000800d56c       0x30 build/decoder/STM32F30x_decoder.o
                0x000000000800d56c                CAN_BTR_fields
 .rodata.CAN_ESR_fields
                0x000000000800d59c       0x30 build/decoder/STM32F30x_decoder.o
                0x000000000800d59c                CAN_ESR_fields
 .rodata.CAN_F0R1_fields
                0x000000000800d5cc      0x100 build/decoder/STM32F30x_decoder.o
                0x000000000800d5cc                CAN_F0R1_fields
 .rodata.CAN_F0R2_fields
                0x000000000800d6cc      0x100 build/decoder/STM32F30x_decoder.o
                0x000000000800d6cc                CAN_F0R2_fields
 .rodata.CAN_F10R1_fields
                0x000000000800d7cc      0x100 build/decoder/STM32F30x_decoder.o
                0x000000000800d7cc                CAN_F10R1_fields
 .rodata.CAN_F10R2_fields
                0x000000000800d8cc      0x100 build/decoder/STM32F30x_decoder.o
                0x000000000800d8cc                CAN_F10R2_fields
 .rodata.CAN_F11R1_fields
                0x000000000800d9cc      0x100 build/decoder/STM32F30x_decoder.o
                0x000000000800d9cc                CAN_F11R1_fields
 .rodata.CAN_F11R2_fields
                0x000000000800dacc      0x100 build/decoder/STM32F30x_decoder.o
                0x000000000800dacc                CAN_F11R2_fields
 .rodata.CAN_F12R1_fields
                0x000000000800dbcc      0x100 build/decoder/STM32F30x_decoder.o
                0x000000000800dbcc                CAN_F12R1_fields
 .rodata.CAN_F12R2_fields
                0x000000000800dccc      0x100 build/decoder/STM32F30x_decoder.o
                0x000000000800dccc                CAN_F12R2_fields
 .rodata.CAN_F13R1_fields
                0x000000000800ddcc      0x100 build/decoder/STM32F30x_decoder.o
                0x000000000800ddcc                CAN_F13R1_fields
 .rodata.CAN_F13R2_fields
                0x000000000800decc      0x100 build/decoder/STM32F30x_decoder.o
                0x000000000800decc                CAN_F13R2_fields
 .rodata.CAN_F14R1_fields
                0x000000000800dfcc      0x100 build/decoder/STM32F30x_decoder.o
                0x000000000800dfcc                CAN_F14R1_fields
 .rodata.CAN_F14R2_fields
                0x000000000800e0cc      0x100 build/decoder/STM32F30x_decoder.o
                0x000000000800e0cc                CAN_F14R2_fields
 .rodata.CAN_F15R1_fields
                0x000000000800e1cc      0x100 build/decoder/STM32F30x_decoder.o
                0x000000000800e1cc                CAN_F15R1_fields
 .rodata.CAN_F15R2_fields
                0x000000000800e2cc      0x100 build/decoder/STM32F30x_decoder.o
                0x000000000800e2cc                CAN_F15R2_fields
 .rodata.CAN_F16R1_fields
                0x000000000800e3cc      0x100 build/decoder/STM32F30x_decoder.o
                0x000000000800e3cc                CAN_F16R1_fields
 .rodata.CAN_F16R2_fields
                0x000000000800e4cc      0x100 build/decoder/STM32F30x_decoder.o
                0x000000000800e4cc                CAN_F16R2_fields
 .rodata.CAN_F17R1_fields
                0x000000000800e5cc      0x100 build/decoder/STM32F30x_decoder.o
                0x000000000800e5cc                CAN_F17R1_fields
 .rodata.CAN_F17R2_fields
                0x000000000800e6cc      0x100 build/decoder/STM32F30x_decoder.o
                0x000000000800e6cc                CAN_F17R2_fields
 .rodata.CAN_F18R1_fields
                0x000000000800e7cc      0x100 build/decoder/STM32F30x_decoder.o
                0x000000000800e7cc                CAN_F18R1_fields
 .rodata.CAN_F18R2_fields
                0x000000000800e8cc      0x100 build/decoder/STM32F30x_decoder.o
                0x000000000800e8cc                CAN_F18R2_fields
 .rodata.CAN_F19R1_fields
                0x000000000800e9cc      0x100 build/decoder/STM32F30x_decoder.o
                0x000000000800e9cc                CAN_F19R1_fields
 .rodata.CAN_F19R2_fields
                0x000000000800eacc      0x100 build/decoder/STM32F30x_decoder.o
                0x000000000800eacc                CAN_F19R2_fields
 .rodata.CAN_F1R1_fields
                0x000000000800ebcc      0x100 build/decoder/STM32F30x_decoder.o
                0x000000000800ebcc                CAN_F1R1_fields
 .rodata.CAN_F1R2_fields
                0x000000000800eccc      0x100 build/decoder/STM32F30x_decoder.o
                0x000000000800eccc                CAN_F1R2_fields
 .rodata.CAN_F20R1_fields
                0x000000000800edcc      0x100 build/decoder/STM32F30x_decoder.o
                0x000000000800edcc                CAN_F20R1_fields
 .rodata.CAN_F20R2_fields
                0x000000000800eecc      0x100 build/decoder/STM32F30x_decoder.o
                0x000000000800eecc                CAN_F20R2_fields
 .rodata.CAN_F21R1_fields
                0x000000000800efcc      0x100 build/decoder/STM32F30x_decoder.o
                0x000000000800efcc                CAN_F21R1_fields
 .rodata.CAN_F21R2_fields
                0x000000000800f0cc      0x100 build/decoder/STM32F30x_decoder.o
                0x000000000800f0cc                CAN_F21R2_fields
 .rodata.CAN_F22R1_fields
                0x000000000800f1cc      0x100 build/decoder/STM32F30x_decoder.o
                0x000000000800f1cc                CAN_F22R1_fields
 .rodata.CAN_F22R2_fields
                0x000000000800f2cc      0x100 build/decoder/STM32F30x_decoder.o
                0x000000000800f2cc                CAN_F22R2_fields
 .rodata.CAN_F23R1_fields
                0x000000000800f3cc      0x100 build/decoder/STM32F30x_decoder.o
                0x000000000800f3cc                CAN_F23R1_fields
 .rodata.CAN_F23R2_fields
                0x000000000800f4cc      0x100 build/decoder/STM32F30x_decoder.o
                0x000000000800f4cc                CAN_F23R2_fields
 .rodata.CAN_F24R1_fields
                0x000000000800f5cc      0x100 build/decoder/STM32F30x_decoder.o
                0x000000000800f5cc                CAN_F24R1_fields
 .rodata.CAN_F24R2_fields
                0x000000000800f6cc      0x100 build/decoder/STM32F30x_decoder.o
                0x000000000800f6cc                CAN_F24R2_fields
 .rodata.CAN_F25R1_fields
                0x000000000800f7cc      0x100 build/decoder/STM32F30x_decoder.o
                0x000000000800f7cc                CAN_F25R1_fields
 .rodata.CAN_F25R2_fields
                0x000000000800f8cc      0x100 build/decoder/STM32F30x_decoder.o
                0x000000000800f8cc                CAN_F25R2_fields
 .rodata.CAN_F26R1_fields
                0x000000000800f9cc      0x100 build/decoder/STM32F30x_decoder.o
                0x000000000800f9cc                CAN_F26R1_fields
 .rodata.CAN_F26R2_fields
                0x000000000800facc      0x100 build/decoder/STM32F30x_decoder.o
                0x000000000800facc                CAN_F26R2_fields
 .rodata.CAN_F27R1_fields
                0x000000000800fbcc      0x100 build/decoder/STM32F30x_decoder.o
                0x000000000800fbcc                CAN_F27R1_fields
 .rodata.CAN_F27R2_fields
                0x000000000800fccc      0x100 build/decoder/STM32F30x_decoder.o
                0x000000000800fccc                CAN_F27R2_fields
 .rodata.CAN_F2R1_fields
                0x000000000800fdcc      0x100 build/decoder/STM32F30x_decoder.o
                0x000000000800fdcc                CAN_F2R1_fields
 .rodata.CAN_F2R2_fields
                0x000000000800fecc      0x100 build/decoder/STM32F30x_decoder.o
                0x000000000800fecc                CAN_F2R2_fields
 .rodata.CAN_F3R1_fields
                0x000000000800ffcc      0x100 build/decoder/STM32F30x_decoder.o
                0x000000000800ffcc                CAN_F3R1_fields
 .rodata.CAN_F3R2_fields
                0x00000000080100cc      0x100 build/decoder/STM32F30x_decoder.o
                0x00000000080100cc                CAN_F3R2_fields
 .rodata.CAN_F4R1_fields
                0x00000000080101cc      0x100 build/decoder/STM32F30x_decoder.o
                0x00000000080101cc                CAN_F4R1_fields
 .rodata.CAN_F4R2_fields
                0x00000000080102cc      0x100 build/decoder/STM32F30x_decoder.o
                0x00000000080102cc                CAN_F4R2_fields
 .rodata.CAN_F5R1_fields
                0x00000000080103cc      0x100 build/decoder/STM32F30x_decoder.o
                0x00000000080103cc                CAN_F5R1_fields
 .rodata.CAN_F5R2_fields
                0x00000000080104cc      0x100 build/decoder/STM32F30x_decoder.o
                0x00000000080104cc                CAN_F5R2_fields
 .rodata.CAN_F6R1_fields
                0x00000000080105cc      0x100 build/decoder/STM32F30x_decoder.o
                0x00000000080105cc                CAN_F6R1_fields
 .rodata.CAN_F6R2_fields
                0x00000000080106cc      0x100 build/decoder/STM32F30x_decoder.o
                0x00000000080106cc                CAN_F6R2_fields
 .rodata.CAN_F7R1_fields
                0x00000000080107cc      0x100 build/decoder/STM32F30x_decoder.o
                0x00000000080107cc                CAN_F7R1_fields
 .rodata.CAN_F7R2_fields
                0x00000000080108cc      0x100 build/decoder/STM32F30x_decoder.o
                0x00000000080108cc                CAN_F7R2_fields
 .rodata.CAN_F8R1_fields
                0x00000000080109cc      0x100 build/decoder/STM32F30x_decoder.o
                0x00000000080109cc                CAN_F8R1_fields
 .rodata.CAN_F8R2_fields
                0x0000000008010acc      0x100 build/decoder/STM32F30x_decoder.o
                0x0000000008010acc                CAN_F8R2_fields
 .rodata.CAN_F9R1_fields
                0x0000000008010bcc      0x100 build/decoder/STM32F30x_decoder.o
                0x0000000008010bcc                CAN_F9R1_fields
 .rodata.CAN_F9R2_fields
                0x0000000008010ccc      0x100 build/decoder/STM32F30x_decoder.o
                0x0000000008010ccc                CAN_F9R2_fields
 .rodata.CAN_FA1R_fields
                0x0000000008010dcc       0xe0 build/decoder/STM32F30x_decoder.o
                0x0000000008010dcc                CAN_FA1R_fields
 .rodata.CAN_FFA1R_fields
                0x0000000008010eac       0xe0 build/decoder/STM32F30x_decoder.o
                0x0000000008010eac                CAN_FFA1R_fields
 .rodata.CAN_FM1R_fields
                0x0000000008010f8c       0xe0 build/decoder/STM32F30x_decoder.o
                0x0000000008010f8c                CAN_FM1R_fields
 .rodata.CAN_FMR_fields
                0x000000000801106c       0x10 build/decoder/STM32F30x_decoder.o
                0x000000000801106c                CAN_FMR_fields
 .rodata.CAN_FS1R_fields
                0x000000000801107c       0xe0 build/decoder/STM32F30x_decoder.o
                0x000000000801107c                CAN_FS1R_fields
 .rodata.CAN_IER_fields
                0x000000000801115c       0x70 build/decoder/STM32F30x_decoder.o
                0x000000000801115c                CAN_IER_fields
 .rodata.CAN_MCR_fields
                0x00000000080111cc       0x50 build/decoder/STM32F30x_decoder.o
                0x00000000080111cc                CAN_MCR_fields
 .rodata.CAN_MSR_fields
                0x000000000801121c       0x48 build/decoder/STM32F30x_decoder.o
                0x000000000801121c                CAN_MSR_fields
 .rodata.CAN_RDH0R_fields
                0x0000000008011264       0x20 build/decoder/STM32F30x_decoder.o
                0x0000000008011264                CAN_RDH0R_fields
 .rodata.CAN_RDH1R_fields
                0x0000000008011284       0x20 build/decoder/STM32F30x_decoder.o
                0x0000000008011284                CAN_RDH1R_fields
 .rodata.CAN_RDL0R_fields
                0x00000000080112a4       0x20 build/decoder/STM32F30x_decoder.o
                0x00000000080112a4                CAN_RDL0R_fields
 .rodata.CAN_RDL1R_fields
                0x00000000080112c4       0x20 build/decoder/STM32F30x_decoder.o
                0x00000000080112c4                CAN_RDL1R_fields
 .rodata.CAN_RDT0R_fields
                0x00000000080112e4       0x18 build/decoder/STM32F30x_decoder.o
                0x00000000080112e4                CAN_RDT0R_fields
 .rodata.CAN_RDT1R_fields
                0x00000000080112fc       0x18 build/decoder/STM32F30x_decoder.o
                0x00000000080112fc                CAN_RDT1R_fields
 .rodata.CAN_RF0R_fields
                0x0000000008011314       0x20 build/decoder/STM32F30x_decoder.o
                0x0000000008011314                CAN_RF0R_fields
 .rodata.CAN_RF1R_fields
                0x0000000008011334       0x20 build/decoder/STM32F30x_decoder.o
                0x0000000008011334                CAN_RF1R_fields
 .rodata.CAN_RI0R_fields
                0x0000000008011354       0x20 build/decoder/STM32F30x_decoder.o
                0x0000000008011354                CAN_RI0R_fields
 .rodata.CAN_RI1R_fields
                0x0000000008011374       0x20 build/decoder/STM32F30x_decoder.o
                0x0000000008011374                CAN_RI1R_fields
 .rodata.CAN_TDH0R_fields
                0x0000000008011394       0x20 build/decoder/STM32F30x_decoder.o
                0x0000000008011394                CAN_TDH0R_fields
 .rodata.CAN_TDH1R_fields
                0x00000000080113b4       0x20 build/decoder/STM32F30x_decoder.o
                0x00000000080113b4                CAN_TDH1R_fields
 .rodata.CAN_TDH2R_fields
                0x00000000080113d4       0x20 build/decoder/STM32F30x_decoder.o
                0x00000000080113d4                CAN_TDH2R_fields
 .rodata.CAN_TDL0R_fields
                0x00000000080113f4       0x20 build/decoder/STM32F30x_decoder.o
                0x00000000080113f4                CAN_TDL0R_fields
 .rodata.CAN_TDL1R_fields
                0x0000000008011414       0x20 build/decoder/STM32F30x_decoder.o
                0x0000000008011414                CAN_TDL1R_fields
 .rodata.CAN_TDL2R_fields
                0x0000000008011434       0x20 build/decoder/STM32F30x_decoder.o
                0x0000000008011434                CAN_TDL2R_fields
 .rodata.CAN_TDT0R_fields
                0x0000000008011454       0x18 build/decoder/STM32F30x_decoder.o
                0x0000000008011454                CAN_TDT0R_fields
 .rodata.CAN_TDT1R_fields
                0x000000000801146c       0x18 build/decoder/STM32F30x_decoder.o
                0x000000000801146c                CAN_TDT1R_fields
 .rodata.CAN_TDT2R_fields
                0x0000000008011484       0x18 build/decoder/STM32F30x_decoder.o
                0x0000000008011484                CAN_TDT2R_fields
 .rodata.CAN_TI0R_fields
                0x000000000801149c       0x28 build/decoder/STM32F30x_decoder.o
                0x000000000801149c                CAN_TI0R_fields
 .rodata.CAN_TI1R_fields
                0x00000000080114c4       0x28 build/decoder/STM32F30x_decoder.o
                0x00000000080114c4                CAN_TI1R_fields
 .rodata.CAN_TI2R_fields
                0x00000000080114ec       0x28 build/decoder/STM32F30x_decoder.o
                0x00000000080114ec                CAN_TI2R_fields
 .rodata.CAN_TSR_fields
                0x0000000008011514       0xb0 build/decoder/STM32F30x_decoder.o
                0x0000000008011514                CAN_TSR_fields
 .rodata.CAN_registers
                0x00000000080115c4      0x590 build/decoder/STM32F30x_decoder.o
                0x00000000080115c4                CAN_registers
 .rodata.COMP_COMP1_CSR_fields
                0x0000000008011b54       0x50 build/decoder/STM32F30x_decoder.o
                0x0000000008011b54                COMP_COMP1_CSR_fields
 .rodata.COMP_COMP2_CSR_fields
                0x0000000008011ba4       0x58 build/decoder/STM32F30x_decoder.o
                0x0000000008011ba4                COMP_COMP2_CSR_fields
 .rodata.COMP_COMP3_CSR_fields
                0x0000000008011bfc       0x50 build/decoder/STM32F30x_decoder.o
                0x0000000008011bfc                COMP_COMP3_CSR_fields
 .rodata.COMP_COMP4_CSR_fields
                0x0000000008011c4c       0x58 build/decoder/STM32F30x_decoder.o
                0x0000000008011c4c                COMP_COMP4_CSR_fields
 .rodata.COMP_COMP5_CSR_fields
                0x0000000008011ca4       0x50 build/decoder/STM32F30x_decoder.o
                0x0000000008011ca4                COMP_COMP5_CSR_fields
 .rodata.COMP_COMP6_CSR_fields
                0x0000000008011cf4       0x58 build/decoder/STM32F30x_decoder.o
                0x0000000008011cf4                COMP_COMP6_CSR_fields
 .rodata.COMP_COMP7_CSR_fields
                0x0000000008011d4c       0x50 build/decoder/STM32F30x_decoder.o
                0x0000000008011d4c                COMP_COMP7_CSR_fields
 .rodata.COMP_registers
                0x0000000008011d9c       0x70 build/decoder/STM32F30x_decoder.o
                0x0000000008011d9c                COMP_registers
 .rodata.CRC_CR_fields
                0x0000000008011e0c       0x20 build/decoder/STM32F30x_decoder.o
                0x0000000008011e0c                CRC_CR_fields
 .rodata.CRC_DR_fields
                0x0000000008011e2c        0x8 build/decoder/STM32F30x_decoder.o
                0x0000000008011e2c                CRC_DR_fields
 .rodata.CRC_IDR_fields
                0x0000000008011e34        0x8 build/decoder/STM32F30x_decoder.o
                0x0000000008011e34                CRC_IDR_fields
 .rodata.CRC_INIT_fields
                0x0000000008011e3c        0x8 build/decoder/STM32F30x_decoder.o
                0x0000000008011e3c                CRC_INIT_fields
 .rodata.CRC_POL_fields
                0x0000000008011e44        0x8 build/decoder/STM32F30x_decoder.o
                0x0000000008011e44                CRC_POL_fields
 .rodata.CRC_registers
                0x0000000008011e4c       0x50 build/decoder/STM32F30x_decoder.o
                0x0000000008011e4c                CRC_registers
 .rodata.DAC_CR_fields
                0x0000000008011e9c       0x80 build/decoder/STM32F30x_decoder.o
                0x0000000008011e9c                DAC_CR_fields
 .rodata.DAC_DHR12L1_fields
                0x0000000008011f1c        0x8 build/decoder/STM32F30x_decoder.o
                0x0000000008011f1c                DAC_DHR12L1_fields
 .rodata.DAC_DHR12L2_fields
                0x0000000008011f24        0x8 build/decoder/STM32F30x_decoder.o
                0x0000000008011f24                DAC_DHR12L2_fields
 .rodata.DAC_DHR12LD_fields
                0x0000000008011f2c       0x10 build/decoder/STM32F30x_decoder.o
                0x0000000008011f2c                DAC_DHR12LD_fields
 .rodata.DAC_DHR12R1_fields
                0x0000000008011f3c        0x8 build/decoder/STM32F30x_decoder.o
                0x0000000008011f3c                DAC_DHR12R1_fields
 .rodata.DAC_DHR12R2_fields
                0x0000000008011f44        0x8 build/decoder/STM32F30x_decoder.o
                0x0000000008011f44                DAC_DHR12R2_fields
 .rodata.DAC_DHR12RD_fields
                0x0000000008011f4c       0x10 build/decoder/STM32F30x_decoder.o
                0x0000000008011f4c                DAC_DHR12RD_fields
 .rodata.DAC_DHR8R1_fields
                0x0000000008011f5c        0x8 build/decoder/STM32F30x_decoder.o
                0x0000000008011f5c                DAC_DHR8R1_fields
 .rodata.DAC_DHR8R2_fields
                0x0000000008011f64        0x8 build/decoder/STM32F30x_decoder.o
                0x0000000008011f64                DAC_DHR8R2_fields
 .rodata.DAC_DHR8RD_fields